Waf: Entering directory `/home/memoto/Ardupilot-UmemotoLab/build/Pixhawk6C'
Checking for env.py
env added USE_ALT_RAM_MAP=1
env added BUILD_ABIN=True
env added ENABLE_DFU_BOOT=0
env added WITH_FATFS=1
env added PROCESS_STACK=0x1C00
env added MAIN_STACK=0x600
env added IOMCU_FW=0
env added IOMCU_FW_WITH_HEATER=0
env added PERIPH_FW=0
env added HAL_NUM_CAN_IFACES=2
env added HAL_CANFD_SUPPORTED=4
env added BOARD_FLASH_SIZE=2048
env added EXT_FLASH_SIZE_MB=0
env added INT_FLASH_PRIMARY=False
env added ENABLE_CRASHDUMP=True
env appended CPU_FLAGS=['-mcpu=cortex-m7', '-mfpu=fpv5-d16', '-mfloat-abi=hard', '-DARM_MATH_CM7', '-u_printf_float']
env added CORTEX=cortex-m7
env added APJ_BOARD_ID=56
env added APJ_BOARD_TYPE=STM32H743xx
env added USBID=0x3162/0x0053
env added FLASH_RESERVE_START_KB=128
env added EXT_FLASH_RESERVE_START_KB=0
env added FLASH_TOTAL=1966080
env added HAS_EXTERNAL_FLASH_SECTIONS=0
env added CHIBIOS_BUILD_FLAGS=USE_FATFS=yes CHIBIOS_STARTUP_MK=os/common/startup/ARMCMx/compilers/GCC/mk/startup_stm32h7xx.mk CHIBIOS_PLATFORM_MK=os/hal/ports/STM32/STM32H7xx/platform.mk MCU=cortex-m7 ENV_UDEFS=-DCHPRINTF_USE_FLOAT=1
Padded 4 bytes for bootloader.bin to 17728
Embedding file bootloader.bin:/home/memoto/Ardupilot-UmemotoLab/Tools/bootloaders/Pixhawk6C_bl.bin
Embedding file defaults.parm:/home/memoto/Ardupilot-UmemotoLab/build/Pixhawk6C/processed_defaults.parm
Embedding file hwdef.dat:/home/memoto/Ardupilot-UmemotoLab/build/Pixhawk6C/hw.dat
Embedding file io_firmware.bin:Tools/IO_Firmware/iofirmware_f103_lowpolh.bin
Embedding file io_firmware_dshot.bin:Tools/IO_Firmware/iofirmware_f103_dshot_lowpolh.bin
Generating compile_commands.json
Build commands will be stored in build/Pixhawk6C/compile_commands.json
Generating compile_commands.json
Build commands will be stored in build/Pixhawk6C/compile_commands.json
[  13/1233] Compiling libraries/AC_AttitudeControl/AC_AttitudeControl_Multi.cpp
[  14/1233] Compiling libraries/AC_AttitudeControl/AC_AttitudeControl_Heli.cpp
[  15/1233] Compiling libraries/AC_AttitudeControl/AC_AttitudeControl_TS.cpp
[  16/1233] Compiling libraries/AC_AttitudeControl/AC_AttitudeControl_Sub.cpp
[  17/1233] Compiling libraries/AC_AttitudeControl/AC_AttitudeControl_Logging.cpp
[  18/1233] Compiling libraries/AC_AttitudeControl/AC_PosControl_Logging.cpp
[  19/1233] Compiling libraries/AC_AttitudeControl/AC_AttitudeControl_Multi_6DoF.cpp
[  20/1233] Compiling libraries/AC_AutoTune/AC_AutoTune_Multi.cpp
[  21/1233] Compiling libraries/AC_AutoTune/AC_AutoTune_Heli.cpp
[  23/1233] Compiling libraries/AC_Autorotation/RSC_Autorotation.cpp
[  24/1233] Compiling libraries/AC_Autorotation/AC_Autorotation.cpp
[  25/1233] Compiling libraries/AC_Avoidance/AP_OADijkstra.cpp
[  26/1233] Compiling libraries/AC_Avoidance/AC_Avoidance_Logging.cpp
[  28/1233] Compiling libraries/AC_Avoidance/AP_OAPathPlanner.cpp
[  29/1233] Compiling libraries/AC_InputManager/AC_InputManager_Heli.cpp
[  41/1233] Compiling libraries/AC_PrecLand/AC_PrecLand_IRLock.cpp
[  43/1233] Compiling libraries/AC_PrecLand/AC_PrecLand_Companion.cpp
[  44/1233] Compiling libraries/AC_PrecLand/AC_PrecLand_StateMachine.cpp
[  45/1233] Compiling libraries/AC_PrecLand/AC_PrecLand_SITL_Gazebo.cpp
[  46/1233] Compiling libraries/AC_Sprayer/AC_Sprayer.cpp
[  47/1233] Compiling libraries/AC_WPNav/AC_WPNav_OA.cpp
[  48/1233] Compiling libraries/AC_WPNav/AC_WPNav.cpp
[  49/1233] Compiling libraries/AC_WPNav/AC_Circle.cpp
[  50/1233] Compiling libraries/AP_ADC/AP_ADC_ADS1115.cpp
[  51/1233] Compiling libraries/AP_ADSB/AP_ADSB_uAvionix_UCP.cpp
[  52/1233] Compiling libraries/AP_ADSB/AP_ADSB_uAvionix_MAVLink.cpp
[  53/1233] Compiling libraries/AP_ADSB/AP_ADSB_Sagetech.cpp
[  54/1233] Compiling libraries/AP_ADSB/AP_ADSB_Backend.cpp
[  55/1233] Compiling libraries/AP_AHRS/AP_AHRS_SIM.cpp
[  56/1233] Compiling libraries/AP_AHRS/AP_AHRS_View.cpp
[  57/1233] Compiling libraries/AP_AHRS/AP_AHRS_External.cpp
[  58/1233] Compiling libraries/AP_AHRS/AP_AHRS_Logging.cpp
In file included from ../../libraries/AC_PrecLand/AC_PrecLand.h:7,
                 from ../../libraries/AC_PrecLand/AC_PrecLand_Backend.h:7,
                 from ../../libraries/AC_PrecLand/AC_PrecLand_IRLock.h:7,
                 from ../../libraries/AC_PrecLand/AC_PrecLand_IRLock.cpp:5:
../../libraries/GCS_MAVLink/GCS_MAVLink.h:40:10: fatal error: include/mavlink/v2.0/all/version.h: No such file or directory
   40 | #include "include/mavlink/v2.0/all/version.h"
      |          ^~~~~~~~~~~~~~~~~~~~~~~~~~~~~~~~~~~~
compilation terminated.

In file included from ../../libraries/GCS_MAVLink/GCS.h:13,
                 from ../../libraries/AC_InputManager/AC_InputManager_Heli.cpp:4:
../../libraries/GCS_MAVLink/GCS_MAVLink.h:40:10: fatal error: include/mavlink/v2.0/all/version.h: No such file or directory
   40 | #include "include/mavlink/v2.0/all/version.h"
      |          ^~~~~~~~~~~~~~~~~~~~~~~~~~~~~~~~~~~~
compilation terminated.

In file included from ../../libraries/GCS_MAVLink/GCS.h:13,
                 from ../../libraries/AC_Autorotation/RSC_Autorotation.cpp:2:
../../libraries/GCS_MAVLink/GCS_MAVLink.h:40:10: fatal error: include/mavlink/v2.0/all/version.h: No such file or directory
   40 | #include "include/mavlink/v2.0/all/version.h"
      |          ^~~~~~~~~~~~~~~~~~~~~~~~~~~~~~~~~~~~
compilation terminated.

In file included from ../../libraries/AP_Terrain/AP_Terrain.h:24,
                 from ../../libraries/AC_WPNav/AC_Circle.cpp:3:
../../libraries/GCS_MAVLink/GCS_MAVLink.h:40:10: fatal error: include/mavlink/v2.0/all/version.h: No such file or directory
   40 | #include "include/mavlink/v2.0/all/version.h"
      |          ^~~~~~~~~~~~~~~~~~~~~~~~~~~~~~~~~~~~
compilation terminated.

In file included from ../../libraries/AC_PrecLand/AC_PrecLand.h:7,
                 from ../../libraries/AC_PrecLand/AC_PrecLand_StateMachine.cpp:5:
../../libraries/GCS_MAVLink/GCS_MAVLink.h:40:10: fatal error: include/mavlink/v2.0/all/version.h: No such file or directory
   40 | #include "include/mavlink/v2.0/all/version.h"
      |          ^~~~~~~~~~~~~~~~~~~~~~~~~~~~~~~~~~~~
compilation terminated.

In file included from ../../libraries/AP_ADSB/AP_ADSB.h:30,
                 from ../../libraries/AP_ADSB/AP_ADSB_Backend.h:17,
                 from ../../libraries/AP_ADSB/AP_ADSB_Backend.cpp:16:
../../libraries/GCS_MAVLink/GCS_MAVLink.h:40:10: fatal error: include/mavlink/v2.0/all/version.h: No such file or directory
   40 | #include "include/mavlink/v2.0/all/version.h"
      |          ^~~~~~~~~~~~~~~~~~~~~~~~~~~~~~~~~~~~
compilation terminated.

In file included from ../../libraries/AC_Avoidance/AP_OADatabase.h:9,
                 from ../../libraries/AC_Avoidance/AP_OAPathPlanner.h:14,
                 from ../../libraries/AC_Avoidance/AP_OADijkstra.cpp:21:
../../libraries/GCS_MAVLink/GCS_MAVLink.h:40:10: fatal error: include/mavlink/v2.0/all/version.h: No such file or directory
   40 | #include "include/mavlink/v2.0/all/version.h"
      |          ^~~~~~~~~~~~~~~~~~~~~~~~~~~~~~~~~~~~
compilation terminated.

In file included from ../../libraries/AC_Avoidance/AP_OADatabase.h:9,
                 from ../../libraries/AC_Avoidance/AP_OAPathPlanner.h:14,
                 from ../../libraries/AC_Avoidance/AP_OAPathPlanner.cpp:20:
../../libraries/GCS_MAVLink/GCS_MAVLink.h:40:10: fatal error: include/mavlink/v2.0/all/version.h: No such file or directory
   40 | #include "include/mavlink/v2.0/all/version.h"
      |          ^~~~~~~~~~~~~~~~~~~~~~~~~~~~~~~~~~~~
compilation terminated.

In file included from ../../libraries/AP_Motors/AP_Motors_Class.h:7,
                 from ../../libraries/AP_Motors/AP_Motors.h:3,
                 from ../../libraries/AC_Autorotation/AC_Autorotation.h:6,
                 from ../../libraries/AC_Autorotation/AC_Autorotation.cpp:1:
../../libraries/GCS_MAVLink/GCS_MAVLink.h:40:10: fatal error: include/mavlink/v2.0/all/version.h: No such file or directory
   40 | #include "include/mavlink/v2.0/all/version.h"
      |          ^~~~~~~~~~~~~~~~~~~~~~~~~~~~~~~~~~~~
compilation terminated.

In file included from ../../libraries/AP_ADSB/AP_ADSB.h:30,
                 from ../../libraries/AP_ADSB/AP_ADSB_Backend.h:17,
                 from ../../libraries/AP_ADSB/AP_ADSB_Sagetech.h:18,
                 from ../../libraries/AP_ADSB/AP_ADSB_Sagetech.cpp:18:
../../libraries/GCS_MAVLink/GCS_MAVLink.h:40:10: fatal error: include/mavlink/v2.0/all/version.h: No such file or directory
   40 | #include "include/mavlink/v2.0/all/version.h"
      |          ^~~~~~~~~~~~~~~~~~~~~~~~~~~~~~~~~~~~
compilation terminated.

In file included from ../../libraries/AP_ADSB/AP_ADSB.h:30,
                 from ../../libraries/AP_ADSB/AP_ADSB_Backend.h:17,
                 from ../../libraries/AP_ADSB/AP_ADSB_uAvionix_UCP.h:21,
                 from ../../libraries/AP_ADSB/AP_ADSB_uAvionix_UCP.cpp:20:
../../libraries/GCS_MAVLink/GCS_MAVLink.h:40:10: fatal error: include/mavlink/v2.0/all/version.h: No such file or directory
   40 | #include "include/mavlink/v2.0/all/version.h"
      |          ^~~~~~~~~~~~~~~~~~~~~~~~~~~~~~~~~~~~
compilation terminated.

In file included from ../../libraries/AC_PrecLand/AC_PrecLand.h:7,
                 from ../../libraries/AC_PrecLand/AC_PrecLand_Backend.h:7,
                 from ../../libraries/AC_PrecLand/AC_PrecLand_Companion.h:7,
                 from ../../libraries/AC_PrecLand/AC_PrecLand_Companion.cpp:5:
../../libraries/GCS_MAVLink/GCS_MAVLink.h:40:10: fatal error: include/mavlink/v2.0/all/version.h: No such file or directory
   40 | #include "include/mavlink/v2.0/all/version.h"
      |          ^~~~~~~~~~~~~~~~~~~~~~~~~~~~~~~~~~~~
compilation terminated.

In file included from ../../libraries/AP_ADSB/AP_ADSB.h:30,
                 from ../../libraries/AP_ADSB/AP_ADSB_Backend.h:17,
                 from ../../libraries/AP_ADSB/AP_ADSB_uAvionix_MAVLink.h:18,
                 from ../../libraries/AP_ADSB/AP_ADSB_uAvionix_MAVLink.cpp:16:
../../libraries/GCS_MAVLink/GCS_MAVLink.h:40:10: fatal error: include/mavlink/v2.0/all/version.h: No such file or directory
   40 | #include "include/mavlink/v2.0/all/version.h"
      |          ^~~~~~~~~~~~~~~~~~~~~~~~~~~~~~~~~~~~
compilation terminated.

In file included from ../../libraries/AP_AccelCal/AP_AccelCal.h:15,
                 from ../../libraries/AP_InertialSensor/AP_InertialSensor.h:14,
                 from ../../libraries/AP_AHRS/AP_AHRS_Backend.h:26,
                 from ../../libraries/AP_AHRS/AP_AHRS.h:28,
                 from ../../libraries/AC_Avoidance/AC_Avoidance_Logging.cpp:5:
../../libraries/GCS_MAVLink/GCS_MAVLink.h:40:10: fatal error: include/mavlink/v2.0/all/version.h: No such file or directory
   40 | #include "include/mavlink/v2.0/all/version.h"
      |          ^~~~~~~~~~~~~~~~~~~~~~~~~~~~~~~~~~~~
compilation terminated.

In file included from ../../libraries/AP_AccelCal/AP_AccelCal.h:15,
                 from ../../libraries/AP_InertialSensor/AP_InertialSensor.h:14,
                 from ../../libraries/AP_AHRS/AP_AHRS_Backend.h:26,
                 from ../../libraries/AP_AHRS/AP_AHRS.h:28,
                 from ../../libraries/AC_Sprayer/AC_Sprayer.cpp:6:
../../libraries/GCS_MAVLink/GCS_MAVLink.h:40:10: fatal error: include/mavlink/v2.0/all/version.h: No such file or directory
   40 | #include "include/mavlink/v2.0/all/version.h"
      |          ^~~~~~~~~~~~~~~~~~~~~~~~~~~~~~~~~~~~
compilation terminated.

In file included from ../../libraries/AP_AccelCal/AP_AccelCal.h:15,
                 from ../../libraries/AP_InertialSensor/AP_InertialSensor.h:14,
                 from ../../libraries/AP_AHRS/AP_AHRS_Backend.h:26,
                 from ../../libraries/AP_AHRS/AP_AHRS_External.h:28,
                 from ../../libraries/AP_AHRS/AP_AHRS_External.cpp:1:
../../libraries/GCS_MAVLink/GCS_MAVLink.h:40:10: fatal error: include/mavlink/v2.0/all/version.h: No such file or directory
   40 | #include "include/mavlink/v2.0/all/version.h"
      |          ^~~~~~~~~~~~~~~~~~~~~~~~~~~~~~~~~~~~
compilation terminated.

In file included from ../../libraries/AP_AccelCal/AP_AccelCal.h:15,
                 from ../../libraries/AP_InertialSensor/AP_InertialSensor.h:14,
                 from ../../libraries/AP_AHRS/AP_AHRS_Backend.h:26,
                 from ../../libraries/AP_AHRS/AP_AHRS.h:28,
                 from ../../libraries/AP_AHRS/AP_AHRS_View.h:23,
                 from ../../libraries/AC_AttitudeControl/AC_AttitudeControl.h:9,
                 from ../../libraries/AC_AttitudeControl/AC_AttitudeControl_Sub.h:6,
                 from ../../libraries/AC_AttitudeControl/AC_AttitudeControl_Sub.cpp:1:
../../libraries/GCS_MAVLink/GCS_MAVLink.h:40:10: fatal error: include/mavlink/v2.0/all/version.h: No such file or directory
   40 | #include "include/mavlink/v2.0/all/version.h"
      |          ^~~~~~~~~~~~~~~~~~~~~~~~~~~~~~~~~~~~
compilation terminated.

In file included from ../../libraries/AP_AccelCal/AP_AccelCal.h:15,
                 from ../../libraries/AP_InertialSensor/AP_InertialSensor.h:14,
                 from ../../libraries/AP_AHRS/AP_AHRS_Backend.h:26,
                 from ../../libraries/AP_AHRS/AP_AHRS.h:28,
                 from ../../libraries/AP_AHRS/AP_AHRS_View.h:23,
                 from ../../libraries/AP_AHRS/AP_AHRS_View.cpp:21:
../../libraries/GCS_MAVLink/GCS_MAVLink.h:40:10: fatal error: include/mavlink/v2.0/all/version.h: No such file or directory
   40 | #include "include/mavlink/v2.0/all/version.h"
      |          ^~~~~~~~~~~~~~~~~~~~~~~~~~~~~~~~~~~~
compilation terminated.

In file included from ../../libraries/AP_AccelCal/AP_AccelCal.h:15,
                 from ../../libraries/AP_InertialSensor/AP_InertialSensor.h:14,
                 from ../../libraries/AP_AHRS/AP_AHRS_Backend.h:26,
                 from ../../libraries/AP_AHRS/AP_AHRS.h:28,
                 from ../../libraries/AP_AHRS/AP_AHRS_View.h:23,
                 from ../../libraries/AC_AttitudeControl/AC_AttitudeControl.h:9,
                 from ../../libraries/AC_AttitudeControl/AC_PosControl.h:15,
                 from ../../libraries/AC_AttitudeControl/AC_PosControl_Logging.cpp:5:
../../libraries/GCS_MAVLink/GCS_MAVLink.h:40:10: fatal error: include/mavlink/v2.0/all/version.h: No such file or directory
   40 | #include "include/mavlink/v2.0/all/version.h"
      |          ^~~~~~~~~~~~~~~~~~~~~~~~~~~~~~~~~~~~
compilation terminated.

In file included from ../../libraries/AP_AccelCal/AP_AccelCal.h:15,
                 from ../../libraries/AP_InertialSensor/AP_InertialSensor.h:14,
                 from ../../libraries/AP_AHRS/AP_AHRS_Backend.h:26,
                 from ../../libraries/AP_AHRS/AP_AHRS.h:28,
                 from ../../libraries/AP_AHRS/AP_AHRS_View.h:23,
                 from ../../libraries/AC_AttitudeControl/AC_AttitudeControl.h:9,
                 from ../../libraries/AC_AttitudeControl/AC_AttitudeControl_Logging.cpp:5:
../../libraries/GCS_MAVLink/GCS_MAVLink.h:40:10: fatal error: include/mavlink/v2.0/all/version.h: No such file or directory
   40 | #include "include/mavlink/v2.0/all/version.h"
      |          ^~~~~~~~~~~~~~~~~~~~~~~~~~~~~~~~~~~~
compilation terminated.

In file included from ../../libraries/AP_AccelCal/AP_AccelCal.h:15,
                 from ../../libraries/AP_InertialSensor/AP_InertialSensor.h:14,
                 from ../../libraries/AP_AHRS/AP_AHRS_Backend.h:26,
                 from ../../libraries/AP_AHRS/AP_AHRS.h:28,
                 from ../../libraries/AP_AHRS/AP_AHRS_View.h:23,
                 from ../../libraries/AC_AttitudeControl/AC_AttitudeControl.h:9,
                 from ../../libraries/AC_AttitudeControl/AC_AttitudeControl_Multi.h:6,
                 from ../../libraries/AC_AttitudeControl/AC_AttitudeControl_Multi.cpp:1:
../../libraries/GCS_MAVLink/GCS_MAVLink.h:40:10: fatal error: include/mavlink/v2.0/all/version.h: No such file or directory
   40 | #include "include/mavlink/v2.0/all/version.h"
      |          ^~~~~~~~~~~~~~~~~~~~~~~~~~~~~~~~~~~~
compilation terminated.

In file included from ../../libraries/AP_AccelCal/AP_AccelCal.h:15,
                 from ../../libraries/AP_InertialSensor/AP_InertialSensor.h:14,
                 from ../../libraries/AP_AHRS/AP_AHRS_Backend.h:26,
                 from ../../libraries/AP_AHRS/AP_AHRS.h:28,
                 from ../../libraries/AP_AHRS/AP_AHRS_View.h:23,
                 from ../../libraries/AC_AttitudeControl/AC_AttitudeControl.h:9,
                 from ../../libraries/AC_AttitudeControl/AC_AttitudeControl_Heli.h:6,
                 from ../../libraries/AC_AttitudeControl/AC_AttitudeControl_Heli.cpp:1:
../../libraries/GCS_MAVLink/GCS_MAVLink.h:40:10: fatal error: include/mavlink/v2.0/all/version.h: No such file or directory
   40 | #include "include/mavlink/v2.0/all/version.h"
      |          ^~~~~~~~~~~~~~~~~~~~~~~~~~~~~~~~~~~~
compilation terminated.

In file included from ../../libraries/AP_AccelCal/AP_AccelCal.h:15,
                 from ../../libraries/AP_InertialSensor/AP_InertialSensor.h:14,
                 from ../../libraries/AP_AHRS/AP_AHRS_Backend.h:26,
                 from ../../libraries/AP_AHRS/AP_AHRS.h:28,
                 from ../../libraries/AP_AHRS/AP_AHRS_View.h:23,
                 from ../../libraries/AC_AttitudeControl/AC_AttitudeControl.h:9,
                 from ../../libraries/AC_AutoTune/AC_AutoTune.h:25,
                 from ../../libraries/AC_AutoTune/AC_AutoTune_Multi.h:26,
                 from ../../libraries/AC_AutoTune/AC_AutoTune_Multi.cpp:5:
../../libraries/GCS_MAVLink/GCS_MAVLink.h:40:10: fatal error: include/mavlink/v2.0/all/version.h: No such file or directory
   40 | #include "include/mavlink/v2.0/all/version.h"
      |          ^~~~~~~~~~~~~~~~~~~~~~~~~~~~~~~~~~~~
compilation terminated.

In file included from ../../libraries/AP_AccelCal/AP_AccelCal.h:15,
                 from ../../libraries/AP_InertialSensor/AP_InertialSensor.h:14,
                 from ../../libraries/AP_AHRS/AP_AHRS_Backend.h:26,
                 from ../../libraries/AP_AHRS/AP_AHRS.h:28,
                 from ../../libraries/AP_AHRS/AP_AHRS_View.h:23,
                 from ../../libraries/AC_AttitudeControl/AC_AttitudeControl.h:9,
                 from ../../libraries/AC_AutoTune/AC_AutoTune.h:25,
                 from ../../libraries/AC_AutoTune/AC_AutoTune_Heli.h:25,
                 from ../../libraries/AC_AutoTune/AC_AutoTune_Heli.cpp:24:
../../libraries/GCS_MAVLink/GCS_MAVLink.h:40:10: fatal error: include/mavlink/v2.0/all/version.h: No such file or directory
   40 | #include "include/mavlink/v2.0/all/version.h"
      |          ^~~~~~~~~~~~~~~~~~~~~~~~~~~~~~~~~~~~
compilation terminated.

In file included from ../../libraries/AP_AccelCal/AP_AccelCal.h:15,
                 from ../../libraries/AP_InertialSensor/AP_InertialSensor.h:14,
                 from ../../libraries/AP_AHRS/AP_AHRS_Backend.h:26,
                 from ../../libraries/AP_AHRS/AP_AHRS.h:28,
                 from ../../libraries/AP_AHRS/AP_AHRS_View.h:23,
                 from ../../libraries/AC_AttitudeControl/AC_AttitudeControl.h:9,
                 from ../../libraries/AC_AttitudeControl/AC_PosControl.h:15,
                 from ../../libraries/AC_WPNav/AC_WPNav.h:10,
                 from ../../libraries/AC_WPNav/AC_WPNav.cpp:2:
../../libraries/GCS_MAVLink/GCS_MAVLink.h:40:10: fatal error: include/mavlink/v2.0/all/version.h: No such file or directory
   40 | #include "include/mavlink/v2.0/all/version.h"
      |          ^~~~~~~~~~~~~~~~~~~~~~~~~~~~~~~~~~~~
compilation terminated.

In file included from ../../libraries/AP_AccelCal/AP_AccelCal.h:15,
                 from ../../libraries/AP_InertialSensor/AP_InertialSensor.h:14,
                 from ../../libraries/AP_AHRS/AP_AHRS_Backend.h:26,
                 from ../../libraries/AP_AHRS/AP_AHRS.h:28,
                 from ../../libraries/AP_AHRS/AP_AHRS_View.h:23,
                 from ../../libraries/AC_AttitudeControl/AC_AttitudeControl.h:9,
                 from ../../libraries/AC_AttitudeControl/AC_AttitudeControl_Multi.h:6,
                 from ../../libraries/AC_AttitudeControl/AC_AttitudeControl_TS.h:6,
                 from ../../libraries/AC_AttitudeControl/AC_AttitudeControl_TS.cpp:20:
../../libraries/GCS_MAVLink/GCS_MAVLink.h:40:10: fatal error: include/mavlink/v2.0/all/version.h: No such file or directory
   40 | #include "include/mavlink/v2.0/all/version.h"
      |          ^~~~~~~~~~~~~~~~~~~~~~~~~~~~~~~~~~~~
compilation terminated.

In file included from ../../libraries/AP_AccelCal/AP_AccelCal.h:15,
                 from ../../libraries/AP_InertialSensor/AP_InertialSensor.h:14,
                 from ../../libraries/AP_AHRS/AP_AHRS_Backend.h:26,
                 from ../../libraries/AP_AHRS/AP_AHRS.h:28,
                 from ../../libraries/AP_AHRS/AP_AHRS_View.h:23,
                 from ../../libraries/AC_AttitudeControl/AC_AttitudeControl.h:9,
                 from ../../libraries/AC_AttitudeControl/AC_AttitudeControl_Multi.h:6,
                 from ../../libraries/AC_AttitudeControl/AC_AttitudeControl_Multi_6DoF.h:4,
                 from ../../libraries/AC_AttitudeControl/AC_AttitudeControl_Multi_6DoF.cpp:5:
../../libraries/GCS_MAVLink/GCS_MAVLink.h:40:10: fatal error: include/mavlink/v2.0/all/version.h: No such file or directory
   40 | #include "include/mavlink/v2.0/all/version.h"
      |          ^~~~~~~~~~~~~~~~~~~~~~~~~~~~~~~~~~~~
compilation terminated.

In file included from ../../libraries/AP_AccelCal/AP_AccelCal.h:15,
                 from ../../libraries/AP_InertialSensor/AP_InertialSensor.h:14,
                 from ../../libraries/AP_AHRS/AP_AHRS_Backend.h:26,
                 from ../../libraries/AP_AHRS/AP_AHRS.h:28,
                 from ../../libraries/AP_AHRS/AP_AHRS_View.h:23,
                 from ../../libraries/AC_AttitudeControl/AC_AttitudeControl.h:9,
                 from ../../libraries/AC_AttitudeControl/AC_PosControl.h:15,
                 from ../../libraries/AC_WPNav/AC_WPNav.h:10,
                 from ../../libraries/AC_WPNav/AC_WPNav_OA.h:7,
                 from ../../libraries/AC_WPNav/AC_WPNav_OA.cpp:7:
../../libraries/GCS_MAVLink/GCS_MAVLink.h:40:10: fatal error: include/mavlink/v2.0/all/version.h: No such file or directory
   40 | #include "include/mavlink/v2.0/all/version.h"
      |          ^~~~~~~~~~~~~~~~~~~~~~~~~~~~~~~~~~~~
compilation terminated.

Waf: Leaving directory `/home/memoto/Ardupilot-UmemotoLab/build/Pixhawk6C'
Build failed
 -> task in 'objs/AC_PrecLand' failed (exit status 1): 
	{task 139416022923568: cxx AC_PrecLand_IRLock.cpp -> AC_PrecLand_IRLock.cpp.0.o}
 (run with -v to display more information)
 -> task in 'objs/AC_InputManager' failed (exit status 1): 
	{task 139416022922896: cxx AC_InputManager_Heli.cpp -> AC_InputManager_Heli.cpp.0.o}
 (run with -v to display more information)
 -> task in 'objs/AC_Autorotation' failed (exit status 1): 
	{task 139416022925024: cxx RSC_Autorotation.cpp -> RSC_Autorotation.cpp.0.o}
 (run with -v to display more information)
 -> task in 'objs/AC_WPNav' failed (exit status 1): 
	{task 139416023122224: cxx AC_Circle.cpp -> AC_Circle.cpp.0.o}
 (run with -v to display more information)
 -> task in 'objs/AC_PrecLand' failed (exit status 1): 
	{task 139416022923904: cxx AC_PrecLand_StateMachine.cpp -> AC_PrecLand_StateMachine.cpp.0.o}
 (run with -v to display more information)
 -> task in 'objs/AP_ADSB' failed (exit status 1): 
	{task 139416024558160: cxx AP_ADSB_Backend.cpp -> AP_ADSB_Backend.cpp.0.o}
 (run with -v to display more information)
 -> task in 'objs/AC_Avoidance' failed (exit status 1): 
	{task 139416024551664: cxx AP_OADijkstra.cpp -> AP_OADijkstra.cpp.0.o}
 (run with -v to display more information)
 -> task in 'objs/AC_Avoidance' failed (exit status 1): 
	{task 139416024551776: cxx AP_OAPathPlanner.cpp -> AP_OAPathPlanner.cpp.0.o}
 (run with -v to display more information)
 -> task in 'objs/AC_Autorotation' failed (exit status 1): 
	{task 139416022924912: cxx AC_Autorotation.cpp -> AC_Autorotation.cpp.0.o}
 (run with -v to display more information)
 -> task in 'objs/AP_ADSB' failed (exit status 1): 
	{task 139416024558384: cxx AP_ADSB_Sagetech.cpp -> AP_ADSB_Sagetech.cpp.0.o}
 (run with -v to display more information)
 -> task in 'objs/AP_ADSB' failed (exit status 1): 
	{task 139416024558608: cxx AP_ADSB_uAvionix_UCP.cpp -> AP_ADSB_uAvionix_UCP.cpp.0.o}
 (run with -v to display more information)
 -> task in 'objs/AC_PrecLand' failed (exit status 1): 
	{task 139416022923344: cxx AC_PrecLand_Companion.cpp -> AC_PrecLand_Companion.cpp.0.o}
 (run with -v to display more information)
 -> task in 'objs/AP_ADSB' failed (exit status 1): 
	{task 139416024558496: cxx AP_ADSB_uAvionix_MAVLink.cpp -> AP_ADSB_uAvionix_MAVLink.cpp.0.o}
 (run with -v to display more information)
 -> task in 'objs/AC_Avoidance' failed (exit status 1): 
	{task 139416024551552: cxx AC_Avoidance_Logging.cpp -> AC_Avoidance_Logging.cpp.0.o}
 (run with -v to display more information)
 -> task in 'objs/AC_Sprayer' failed (exit status 1): 
	{task 139416024550432: cxx AC_Sprayer.cpp -> AC_Sprayer.cpp.0.o}
 (run with -v to display more information)
 -> task in 'objs/AP_AHRS' failed (exit status 1): 
	{task 139416034849664: cxx AP_AHRS_External.cpp -> AP_AHRS_External.cpp.0.o}
 (run with -v to display more information)
 -> task in 'objs/AC_AttitudeControl' failed (exit status 1): 
	{task 139416022921328: cxx AC_AttitudeControl_Sub.cpp -> AC_AttitudeControl_Sub.cpp.0.o}
 (run with -v to display more information)
 -> task in 'objs/AP_AHRS' failed (exit status 1): 
	{task 139416034850000: cxx AP_AHRS_View.cpp -> AP_AHRS_View.cpp.0.o}
 (run with -v to display more information)
 -> task in 'objs/AC_AttitudeControl' failed (exit status 1): 
	{task 139416022921664: cxx AC_PosControl_Logging.cpp -> AC_PosControl_Logging.cpp.0.o}
 (run with -v to display more information)
 -> task in 'objs/AC_AttitudeControl' failed (exit status 1): 
	{task 139416022920992: cxx AC_AttitudeControl_Logging.cpp -> AC_AttitudeControl_Logging.cpp.0.o}
 (run with -v to display more information)
 -> task in 'objs/AC_AttitudeControl' failed (exit status 1): 
	{task 139416022921104: cxx AC_AttitudeControl_Multi.cpp -> AC_AttitudeControl_Multi.cpp.0.o}
 (run with -v to display more information)
 -> task in 'objs/AC_AttitudeControl' failed (exit status 1): 
	{task 139416022920880: cxx AC_AttitudeControl_Heli.cpp -> AC_AttitudeControl_Heli.cpp.0.o}
 (run with -v to display more information)
 -> task in 'objs/AC_AutoTune' failed (exit status 1): 
	{task 139416023131072: cxx AC_AutoTune_Multi.cpp -> AC_AutoTune_Multi.cpp.0.o}
 (run with -v to display more information)
 -> task in 'objs/AC_AutoTune' failed (exit status 1): 
	{task 139416023130960: cxx AC_AutoTune_Heli.cpp -> AC_AutoTune_Heli.cpp.0.o}
 (run with -v to display more information)
 -> task in 'objs/AC_WPNav' failed (exit status 1): 
	{task 139416023122448: cxx AC_WPNav.cpp -> AC_WPNav.cpp.0.o}
 (run with -v to display more information)
 -> task in 'objs/AC_AttitudeControl' failed (exit status 1): 
	{task 139416022921440: cxx AC_AttitudeControl_TS.cpp -> AC_AttitudeControl_TS.cpp.0.o}
 (run with -v to display more information)
 -> task in 'objs/AC_AttitudeControl' failed (exit status 1): 
	{task 139416022921216: cxx AC_AttitudeControl_Multi_6DoF.cpp -> AC_AttitudeControl_Multi_6DoF.cpp.0.o}
 (run with -v to display more information)
 -> task in 'objs/AC_WPNav' failed (exit status 1): 
	{task 139416023122560: cxx AC_WPNav_OA.cpp -> AC_WPNav_OA.cpp.0.o}
 (run with -v to display more information)
