Setting top to                           : /home/umemoto/Ardupilot-UmemotoLab 
Setting out to                           : /home/umemoto/Ardupilot-UmemotoLab/build 
Autoconfiguration                        : enabled 
Checking for program 'python'            : /home/umemoto/Ardupilot-UmemotoLab/venv/bin/python3 
Checking for python version >= 3.6.9     : 3.12.3 
Setting board to                         : sitl 
Using toolchain                          : native 
Checking for 'g++' (C++ compiler)        : /usr/lib/ccache/g++ 
Checking for 'gcc' (C compiler)          : /usr/lib/ccache/gcc 
Checking for c flags '-MMD'              : yes 
Checking for cxx flags '-MMD'            : yes 
CXX Compiler                             : g++ 13.3.0 
Checking for need to link with librt     : not necessary 
Checking for feenableexcept              : yes 
Enabling -Werror                         : no 
Enabled OpenDroneID                      : no 
Enabled firmware ID checking             : no 
GPS Debug Logging                        : no 
Enabled custom controller                : yes 
Checking for HAVE_CMATH_ISFINITE         : yes 
Checking for HAVE_CMATH_ISINF            : yes 
Checking for HAVE_CMATH_ISNAN            : yes 
Checking for NEED_CMATH_ISFINITE_STD_NAMESPACE : yes 
Checking for NEED_CMATH_ISINF_STD_NAMESPACE    : yes 
Checking for NEED_CMATH_ISNAN_STD_NAMESPACE    : yes 
Checking for header endian.h                   : yes 
Checking for header byteswap.h                 : yes 
Checking for HAVE_MEMRCHR                      : yes 
Configured VSCode Intellisense:                : no 
DC_DSDL compiler in                            : /home/umemoto/Ardupilot-UmemotoLab/modules/DroneCAN/dronecan_dsdlc 
Source is git repository                       : yes 
Update submodules                              : yes 
Checking for program 'git'                     : /usr/bin/git 
Littlefs                                       : disabled 
Checking for program 'size'                    : /usr/bin/size 
Benchmarks                                     : disabled 
Unit tests                                     : enabled 
Scripting                                      : maybe 
Scripting runtime checks                       : enabled 
Debug build                                    : enabled 
VS Code launch                                 : disabled 
Coverage build                                 : disabled 
Force 32-bit build                             : disabled 
Checking for program 'rsync'                   : /usr/bin/rsync 
Removing target_list file /home/umemoto/Ardupilot-UmemotoLab/build/sitl/target_list
'configure' finished successfully (1.346s)
Waf: Entering directory `/home/umemoto/Ardupilot-UmemotoLab/build/sitl'
Embedding file locations.txt:Tools/autotest/locations.txt
Embedding file models/Callisto.json:Tools/autotest/models/Callisto.json
Embedding file models/freestyle.json:Tools/autotest/models/freestyle.json
Embedding file models/plane-3d.parm:Tools/autotest/models/plane-3d.parm
Embedding file models/plane.parm:Tools/autotest/models/plane.parm
Embedding file models/skywalker_2013.json:Tools/autotest/models/skywalker_2013.json
Embedding file models/xplane_heli.json:Tools/autotest/models/xplane_heli.json
Embedding file models/xplane_plane.json:Tools/autotest/models/xplane_plane.json
No target_list file found, creating
Generating compile_commands.json
Build commands will be stored in build/sitl/compile_commands.json
Generating compile_commands.json
Build commands will be stored in build/sitl/compile_commands.json
[1374/1375] Linking build/sitl/bin/arducopter
[1375/1375] checking symbols build/sitl/bin/arducopter
Waf: Leaving directory `/home/umemoto/Ardupilot-UmemotoLab/build/sitl'

BUILD SUMMARY
Build directory: /home/umemoto/Ardupilot-UmemotoLab/build/sitl
Target          Text (B)  Data (B)  BSS (B)  Total Flash Used (B)  Free Flash (B)  External Flash Used (B)
----------------------------------------------------------------------------------------------------------
bin/arducopter   5467063    206480   279584               5673543  Not Applicable  Not Applicable         

'build' finished successfully (2.533s)
lckfile='/home/umemoto/buildlogs/autotest.lck'
step=build.Copter
step=test.CopterObserver
Running: ("git rev-parse HEAD") in (/home/umemoto/Ardupilot-UmemotoLab)
>>>> RUNNING STEP: build.Copter at Tue May 12 00:53:20 2026
Running: ("/bin/rm -f logs/*.BIN logs/LASTLOG.TXT") in (.)
Running: ("./modules/waf/waf-light" "configure" "--board" "sitl" "--debug") in (/home/umemoto/Ardupilot-UmemotoLab)
Running: ("./modules/waf/waf-light" "build" "--target" "bin/arducopter") in (/home/umemoto/Ardupilot-UmemotoLab)
>>>> PASSED STEP: build.Copter at Tue May 12 00:53:24 2026
>>>> RUNNING STEP: test.CopterObserver at Tue May 12 00:53:24 2026
Running: ("/bin/rm -f logs/*.BIN logs/LASTLOG.TXT") in (.)
AT-0000.0: Starting simulator
AT-0000.0: Starting SITL
Running: "/home/umemoto/Ardupilot-UmemotoLab/build/sitl/bin/arducopter" "-w" "--home" "-35.362938,149.165085,584,270" "--model" "+" "--serial1=tcp:2" "--defaults" "/tmp/tmpw3f7phra,/home/umemoto/Ardupilot-UmemotoLab/Tools/autotest/default_params/copter.parm"
arducopter: Suggested EK3_DRAG_BCOEF_* = 17.209, EK3_DRAG_MCOEF = 0.209
arducopter: Home: -35.362938 149.165085 alt=584.000000m hdg=270.000000
arducopter: Starting sketch 'ArduCopter'
arducopter: Starting SITL input
arducopter: Using Irlock at port : 9005
arducopter: bind port 5760 for SERIAL0
arducopter: SERIAL0 on TCP port 5760
arducopter: Waiting for connection ....
AT-0000.0: Starting MAVLink connection
AT-0000.0: Drained 0 messages from mav (0.000000/s)
arducopter: Connection on serial port 5760
arducopter: Loaded defaults from /tmp/tmpw3f7phra,/home/umemoto/Ardupilot-UmemotoLab/Tools/autotest/default_params/copter.parm
arducopter: Smoothing reset at 0.001
arducopter: bind port 5762 for SERIAL1
arducopter: SERIAL1 on TCP port 5762
arducopter: bind port 5763 for SERIAL2
arducopter: SERIAL2 on TCP port 5763
arducopter: Loaded defaults from /tmp/tmpw3f7phra,/home/umemoto/Ardupilot-UmemotoLab/Tools/autotest/default_params/copter.parm
arducopter: validate_structures:528: Validating structures
arducopter: Waiting for internal clock bits to be set (current=0x00)
arducopter: Loaded defaults from /tmp/tmpw3f7phra,/home/umemoto/Ardupilot-UmemotoLab/Tools/autotest/default_params/copter.parm
arducopter: Loaded defaults from /tmp/tmpw3f7phra,/home/umemoto/Ardupilot-UmemotoLab/Tools/autotest/default_params/copter.parm
arducopter: Loaded defaults from /tmp/tmpw3f7phra,/home/umemoto/Ardupilot-UmemotoLab/Tools/autotest/default_params/copter.parm
arducopter: Loaded defaults from /tmp/tmpw3f7phra,/home/umemoto/Ardupilot-UmemotoLab/Tools/autotest/default_params/copter.parm
arducopter: Loaded defaults from /tmp/tmpw3f7phra,/home/umemoto/Ardupilot-UmemotoLab/Tools/autotest/default_params/copter.parm
arducopter: Loaded defaults from /tmp/tmpw3f7phra,/home/umemoto/Ardupilot-UmemotoLab/Tools/autotest/default_params/copter.parm
AT-0000.0: Doing timesync roundtrip
AT-0000.0: Received: TIMESYNC {tc1 : 1058834000, ts1 : 137250}
AT-0000.0: Received TIMESYNC response after 0.000021s
AT-0000.0: AP: Barometer 1 calibration complete
AT-0000.0: AP: Barometer 2 calibration complete
AT-0000.0: AP: ArduPilot Ready
AT-0000.0: AP: AHRS: DCM active
AT-0000.0: Drained 4 messages from mav (23563.505618/s)
AT-0000.1: AP: RC7: SaveWaypoint LOW
AT-0000.1: Firmware Version (4, 7, 0, 'dev')
AT-0000.1: Firmware hash 97149c9f
Running: ("git rev-parse --short=8 HEAD") in (/home/umemoto/Ardupilot-UmemotoLab)
AT-0000.1: Git hash 97149c9f
AT-0000.1: Sim time: 3.307000
AT-0000.1: set_parameters: ({'LOG_DISARMED': 1, 'LOG_DARM_RATEMAX': 5, 'LOG_FILE_RATEMAX': 10})
AT-0000.1: LOG_DISARMED want=1.000000 autopilot=None (attempt=1/30)
AT-0000.1: Requesting (LOG_DISARMED)
AT-0000.1: LOG_DARM_RATEMAX want=5.000000 autopilot=None (attempt=1/30)
AT-0000.1: Requesting (LOG_DARM_RATEMAX)
AT-0000.1: LOG_FILE_RATEMAX want=10.000000 autopilot=None (attempt=1/30)
AT-0000.1: Requesting (LOG_FILE_RATEMAX)
AT-0000.1: Received wanted PARAM_VALUE LOG_DISARMED=0.000000
AT-0000.1: Received wanted PARAM_VALUE LOG_DARM_RATEMAX=0.000000
AT-0000.1: Received wanted PARAM_VALUE LOG_FILE_RATEMAX=0.000000
AT-0000.1: LOG_DISARMED want=1.000000 autopilot=0.0 (attempt=2/30)
AT-0000.1: Sending set (LOG_DISARMED) to (1.000000) (old=0.000000)
AT-0000.1: LOG_DARM_RATEMAX want=5.000000 autopilot=0.0 (attempt=2/30)
AT-0000.1: Sending set (LOG_DARM_RATEMAX) to (5.000000) (old=0.000000)
AT-0000.1: LOG_FILE_RATEMAX want=10.000000 autopilot=0.0 (attempt=2/30)
AT-0000.1: Sending set (LOG_FILE_RATEMAX) to (10.000000) (old=0.000000)
AT-0000.1: Received wanted PARAM_VALUE LOG_DISARMED=1.000000
AT-0000.1: Received wanted PARAM_VALUE LOG_DARM_RATEMAX=5.000000
AT-0000.1: Received wanted PARAM_VALUE LOG_FILE_RATEMAX=10.000000
AT-0000.1: LOG_DISARMED want=1.000000 autopilot=1.0 (attempt=3/30)
AT-0000.1: LOG_DISARMED is now 1.000000
AT-0000.1: LOG_DARM_RATEMAX want=5.000000 autopilot=5.0 (attempt=3/30)
AT-0000.1: LOG_DARM_RATEMAX is now 5.000000
AT-0000.1: LOG_FILE_RATEMAX want=10.000000 autopilot=10.0 (attempt=3/30)
AT-0000.1: LOG_FILE_RATEMAX is now 10.000000
AT-0000.1: Drained 0 messages from mav (0.000000/s)
AT-0000.1: Rebooting SITL
AT-0000.1: Sending param_request_read for (STAT_RESET)
AT-0000.1: get_parameter(STAT_RESET): PARAM_VALUE {param_id : STAT_RESET, param_value : 1.0, param_type : 6, param_count : 1366, param_index : 65535}
AT-0000.1: Sending param_request_read for (STAT_BOOTCNT)
AT-0000.1: get_parameter(STAT_BOOTCNT): PARAM_VALUE {param_id : STAT_BOOTCNT, param_value : 1.0, param_type : 4, param_count : 1366, param_index : 65535}
AT-0000.1: Sending reboot command
AT-0000.1: Sending COMMAND_LONG to (1,1) (MAV_CMD_PREFLIGHT_REBOOT_SHUTDOWN=246) (p1=1.000000 p2=1.000000 p3=0.000000 p4=0.000000 p5=0.000000 p6=0.000000  p7=0.000000)
AT-0000.1: Sending param_request_read for (STAT_BOOTCNT)
AT-0000.1: While awaiting reboot received (COMMAND_ACK {command : 246, result : 0, progress : 0, result_param2 : 0, target_system : 250, target_component : 250})
EOF on TCP socket
Attempting reconnect
[Errno 111] Connection refused sleeping
arducopter: Suggested EK3_DRAG_BCOEF_* = 17.209, EK3_DRAG_MCOEF = 0.209
arducopter: Home: -35.362938 149.165085 alt=584.000000m hdg=270.000000
arducopter: Starting sketch 'ArduCopter'
arducopter: Starting SITL input
arducopter: Using Irlock at port : 9005
arducopter: bind port 5760 for SERIAL0
arducopter: SERIAL0 on TCP port 5760
arducopter: Waiting for connection ....
arducopter: Connection on serial port 5760
AT-0001.1: get_parameter(STAT_BOOTCNT): None
AT-0001.1: Sending param_request_read for (STAT_BOOTCNT)
arducopter: Loaded defaults from /tmp/tmpw3f7phra,/home/umemoto/Ardupilot-UmemotoLab/Tools/autotest/default_params/copter.parm
arducopter: bind port 5762 for SERIAL1
arducopter: SERIAL1 on TCP port 5762
arducopter: bind port 5763 for SERIAL2
arducopter: SERIAL2 on TCP port 5763
arducopter: Loaded defaults from /tmp/tmpw3f7phra,/home/umemoto/Ardupilot-UmemotoLab/Tools/autotest/default_params/copter.parm
arducopter: Smoothing reset at 0.001
arducopter: validate_structures:528: Validating structures
arducopter: Waiting for internal clock bits to be set (current=0x00)
arducopter: Loaded defaults from /tmp/tmpw3f7phra,/home/umemoto/Ardupilot-UmemotoLab/Tools/autotest/default_params/copter.parm
arducopter: Loaded defaults from /tmp/tmpw3f7phra,/home/umemoto/Ardupilot-UmemotoLab/Tools/autotest/default_params/copter.parm
arducopter: Loaded defaults from /tmp/tmpw3f7phra,/home/umemoto/Ardupilot-UmemotoLab/Tools/autotest/default_params/copter.parm
arducopter: Loaded defaults from /tmp/tmpw3f7phra,/home/umemoto/Ardupilot-UmemotoLab/Tools/autotest/default_params/copter.parm
arducopter: Loaded defaults from /tmp/tmpw3f7phra,/home/umemoto/Ardupilot-UmemotoLab/Tools/autotest/default_params/copter.parm
arducopter: Loaded defaults from /tmp/tmpw3f7phra,/home/umemoto/Ardupilot-UmemotoLab/Tools/autotest/default_params/copter.parm
AT-0001.1: get_parameter(STAT_BOOTCNT): PARAM_VALUE {param_id : STAT_BOOTCNT, param_value : 2.0, param_type : 4, param_count : 1356, param_index : 65535}
AT-0001.1: current=2.0 required=2
AT-0001.1: Doing timesync roundtrip
AT-0001.1: Received: TIMESYNC {tc1 : 167524000, ts1 : 140250}
AT-0001.1: Received TIMESYNC response after 0.000015s
AT-0001.1: Calling initialise-after-reboot
AT-0001.1: AP: RCInput: decoding UDP (Pulses)
AT-0001.1: Drained 2 messages from mav (21509.251282/s)
AT-0001.1: AP: Calibrating barometer
AT-0001.1: Doing timesync roundtrip
AT-0001.1: Received: TIMESYNC {tc1 : 1024681000, ts1 : 141250}
AT-0001.1: Received TIMESYNC response after 0.000011s
AT-0001.1: AP: Barometer 1 calibration complete
AT-0001.1: AP: Barometer 2 calibration complete
AT-0001.1: AP: ArduPilot Ready
AT-0001.1: AP: AHRS: DCM active
AT-0001.1: Reboot complete
AT-0001.1: set_parameters: ({})
AT-0001.1: Simstate Close to startup location: dist=0.000000 max=1.000000 (simstate: lat=-35.362938,lon=149.165085,alt=0.0 start-loc: lat=-35.362938,lon=149.165085,alt=584.0)
AT-0001.1: SITL is running
AT-0001.1: Ready to start testing!
AT-0001.1: Waiting for a heartbeat with mavlink protocol 2.0
AT-0001.1: Drained 3 messages from mav (27235.740260/s)
AT-0001.1: AP: RC7: SaveWaypoint LOW
AT-0001.1: Waiting for initial mode STABILIZE
AT-0001.1: Waiting for mode STABILIZE
AT-0001.1: Got mode STABILIZE
AT-0001.1: Setting up RC parameters
AT-0001.1: RC values bad: (ch=6 want=1500 got=1000)
AT-0001.1: AP: EKF3 IMU0 initialised
AT-0001.1: AP: EKF3 IMU1 initialised
AT-0001.1: AP: AHRS: EKF3 active
AT-0001.1: RC values good
AT-0001.1: Waiting for mode-switch mode STABILIZE
AT-0001.1: Waiting for mode STABILIZE
AT-0001.1: AP: RC7: SaveWaypoint MIDDLE
AT-0001.2: Got mode STABILIZE
AT-0001.2: Received (MISSION_ACK {target_system : 250, target_component : 250, type : 0, mission_type : 1})
AT-0001.2: MISSION_ACK.target_system has expected value 250
AT-0001.2: MISSION_ACK.target_component has expected value 250
AT-0001.2: MISSION_ACK.type has expected value 0 (MAV_MISSION_ACCEPTED)
AT-0001.2: AP: Fence Indexed OK
AT-0001.2: Received (MISSION_ACK {target_system : 250, target_component : 250, type : 0, mission_type : 0})
AT-0001.2: MISSION_ACK.target_system has expected value 250
AT-0001.2: MISSION_ACK.target_component has expected value 250
AT-0001.2: MISSION_ACK.type has expected value 0 (MAV_MISSION_ACCEPTED)
AT-0001.2: AP: Flight plan received
AT-0001.2: Received (MISSION_ACK {target_system : 250, target_component : 250, type : 0, mission_type : 2})
AT-0001.2: MISSION_ACK.target_system has expected value 250
AT-0001.2: MISSION_ACK.target_component has expected value 250
AT-0001.2: MISSION_ACK.type has expected value 0 (MAV_MISSION_ACCEPTED)
AT-0001.2: ##################################################################################
AT-0001.2: ########## TestObserverParameters (Test AP_Observer parameter defaults and set/get)  ##########
AT-0001.2: ##################################################################################
AT-0001.2: Doing timesync roundtrip
AT-0001.2: Received: TIMESYNC {tc1 : 5307967000, ts1 : 142250}
AT-0001.2: Received TIMESYNC response after 0.000000s
AT-0001.2: AP: EKF3 IMU1 tilt alignment complete
AT-0001.2: AP: EKF3 IMU0 tilt alignment complete
AT-0001.2: RC values good
AT-0001.2: Drained 12 messages from mav (41769.002490/s)
AT-0001.2: AP: EKF3 IMU1 MAG0 initial yaw alignment complete
AT-0001.2: AP: EKF3 IMU0 MAG0 initial yaw alignment complete
AT-0001.2: Changing mode to STABILIZE
AT-0001.2: Sending COMMAND_LONG to (1,1) (MAV_CMD_DO_SET_MODE=176) (p1=1.000000 p2=0.000000 p3=0.000000 p4=0.000000 p5=0.000000 p6=0.000000  p7=0.000000)
AT-0001.2: Got mode STABILIZE
AT-0001.2: Testing AP_Observer parameter defaults and changes
AT-0001.2: Sending param_request_read for (OBS_CORR_GAIN)
AT-0001.2: get_parameter(OBS_CORR_GAIN): PARAM_VALUE {param_id : OBS_CORR_GAIN, param_value : 0.0, param_type : 9, param_count : 1366, param_index : 65535}
AT-0001.2:   OBS_CORR_GAIN: 0.0 (expected 0.0)
AT-0001.2: Sending param_request_read for (OBS_FILT_CUTOFF)
AT-0001.2: get_parameter(OBS_FILT_CUTOFF): PARAM_VALUE {param_id : OBS_FILT_CUTOFF, param_value : 20.0, param_type : 9, param_count : 1366, param_index : 65535}
AT-0001.2:   OBS_FILT_CUTOFF: 20.0 (expected 20.0)
AT-0001.2: Sending param_request_read for (OBS_MAX_CORR_ANG)
AT-0001.2: get_parameter(OBS_MAX_CORR_ANG): PARAM_VALUE {param_id : OBS_MAX_CORR_ANG, param_value : 0.5, param_type : 9, param_count : 1366, param_index : 65535}
AT-0001.2:   OBS_MAX_CORR_ANG: 0.5 (expected 0.5)
AT-0001.2: Sending param_request_read for (OBS_PRED_TIME)
AT-0001.2: get_parameter(OBS_PRED_TIME): PARAM_VALUE {param_id : OBS_PRED_TIME, param_value : 0.009999999776482582, param_type : 9, param_count : 1366, param_index : 65535}
AT-0001.2:   OBS_PRED_TIME: 0.009999999776482582 (expected 0.01)
AT-0001.2: Sending param_request_read for (OBS_EKF_Q_W)
AT-0001.2: get_parameter(OBS_EKF_Q_W): PARAM_VALUE {param_id : OBS_EKF_Q_W, param_value : 0.0005000000237487257, param_type : 9, param_count : 1366, param_index : 65535}
AT-0001.2:   OBS_EKF_Q_W: 0.0005000000237487257 (expected 0.0005)
AT-0001.2: Sending param_request_read for (OBS_EKF_R_MEAS)
AT-0001.2: get_parameter(OBS_EKF_R_MEAS): PARAM_VALUE {param_id : OBS_EKF_R_MEAS, param_value : 46.0, param_type : 9, param_count : 1366, param_index : 65535}
AT-0001.2:   OBS_EKF_R_MEAS: 46.0 (expected 46.0)
AT-0001.2: Sending param_request_read for (OBS_EKF_EN_GAT)
AT-0001.2: AP: GPS 1: probing for u-blox at 230400 baud
AT-0001.2: AP: GPS 1: detected u-blox
AT-0001.3: get_parameter(OBS_EKF_EN_GAT): None
AT-0001.4: get_parameter(OBS_EKF_EN_GAT): None
AT-0001.4: AP: EKF3 IMU1 origin set
AT-0001.4: get_parameter(OBS_EKF_EN_GAT): PARAM_VALUE {param_id : MIS_TOTAL, param_value : 1.0, param_type : 4, param_count : 1366, param_index : 65535}
AT-0001.4: (MIS_TOTAL) != (OBS_EKF_EN_GAT)
AT-0001.4: get_parameter(OBS_EKF_EN_GAT): PARAM_VALUE {param_id : BARO1_GND_PRESS, param_value : 101325.0625, param_type : 9, param_count : 1366, param_index : 65535}
AT-0001.4: (BARO1_GND_PRESS) != (OBS_EKF_EN_GAT)
AT-0001.4: get_parameter(OBS_EKF_EN_GAT): PARAM_VALUE {param_id : BARO2_GND_PRESS, param_value : 101323.2265625, param_type : 9, param_count : 1366, param_index : 65535}
AT-0001.4: (BARO2_GND_PRESS) != (OBS_EKF_EN_GAT)
AT-0001.4: AP: Field Elevation Set: 584m
AT-0001.4: AP: EKF3 IMU0 origin set
AT-0001.5: get_parameter(OBS_EKF_EN_GAT): None
AT-0001.6: get_parameter(OBS_EKF_EN_GAT): PARAM_VALUE {param_id : STAT_RUNTIME, param_value : 30.0, param_type : 6, param_count : 1366, param_index : 65535}
AT-0001.6: (STAT_RUNTIME) != (OBS_EKF_EN_GAT)
AT-0001.7: get_parameter(OBS_EKF_EN_GAT): None
AT-0001.8: AP: EKF3 IMU0 is using GPS
AT-0001.8: AP: EKF3 IMU1 is using GPS
AT-0001.8: get_parameter(OBS_EKF_EN_GAT): None
AT-0001.9: get_parameter(OBS_EKF_EN_GAT): None
AT-0002.0: get_parameter(OBS_EKF_EN_GAT): None
AT-0002.1: get_parameter(OBS_EKF_EN_GAT): None
AT-0002.1: get_parameter(OBS_EKF_EN_GAT): PARAM_VALUE {param_id : STAT_RUNTIME, param_value : 61.0, param_type : 6, param_count : 1366, param_index : 65535}
AT-0002.1: (STAT_RUNTIME) != (OBS_EKF_EN_GAT)
AT-0002.2: get_parameter(OBS_EKF_EN_GAT): None
AT-0002.3: get_parameter(OBS_EKF_EN_GAT): None
AT-0002.3: Exception caught: Failed to retrieve parameter (OBS_EKF_EN_GAT)
Traceback (most recent call last):
  File "/home/umemoto/Ardupilot-UmemotoLab/Tools/autotest/vehicle_test_suite.py", line 8910, in run_one_test_attempt
    test_function(**test_kwargs)
  File "/home/umemoto/Ardupilot-UmemotoLab/Tools/autotest/arducopter.py", line 7608, in TestObserverParameters
    actual = self.get_parameter(param_name)
             ^^^^^^^^^^^^^^^^^^^^^^^^^^^^^^
  File "/home/umemoto/Ardupilot-UmemotoLab/Tools/autotest/vehicle_test_suite.py", line 6307, in get_parameter
    return self.get_parameter_direct(*args, **kwargs)
           ^^^^^^^^^^^^^^^^^^^^^^^^^^^^^^^^^^^^^^^^^^
  File "/home/umemoto/Ardupilot-UmemotoLab/Tools/autotest/vehicle_test_suite.py", line 6354, in get_parameter_direct
    raise NotAchievedException("Failed to retrieve parameter (%s)" % name)
vehicle_test_suite.NotAchievedException: Failed to retrieve parameter (OBS_EKF_EN_GAT)

AT-0002.3: log list: ['logs/00000001.BIN']
AT-0002.3: Most recent logfile: logs/00000001.BIN
AT-0002.3: Drained 46 messages from mav (23902.128840/s)
AT-0002.3: set_parameters: ({})
AT-0002.3: Drained 0 messages from mav (0.000000/s)
AT-0002.4: Test failed but ArduPilot process alive; rebooting
AT-0002.4: Drained 0 messages from mav (0.000000/s)
AT-0002.4: Rebooting SITL
AT-0002.4: Sending param_request_read for (STAT_RESET)
AT-0002.4: get_parameter(STAT_RESET): PARAM_VALUE {param_id : STAT_RESET, param_value : 1.0, param_type : 6, param_count : 1366, param_index : 65535}
AT-0002.4: Sending param_request_read for (STAT_BOOTCNT)
AT-0002.4: get_parameter(STAT_BOOTCNT): PARAM_VALUE {param_id : STAT_BOOTCNT, param_value : 2.0, param_type : 4, param_count : 1366, param_index : 65535}
AT-0002.4: Sending reboot command
AT-0002.4: Sending COMMAND_LONG to (1,1) (MAV_CMD_PREFLIGHT_REBOOT_SHUTDOWN=246) (p1=1.000000 p2=1.000000 p3=0.000000 p4=0.000000 p5=0.000000 p6=0.000000  p7=0.000000)
AT-0002.4: Sending param_request_read for (STAT_BOOTCNT)
AT-0002.4: While awaiting reboot received (COMMAND_ACK {command : 246, result : 0, progress : 0, result_param2 : 0, target_system : 250, target_component : 250})
EOF on TCP socket
Attempting reconnect
[Errno 111] Connection refused sleeping
arducopter: Suggested EK3_DRAG_BCOEF_* = 17.209, EK3_DRAG_MCOEF = 0.209
arducopter: Home: -35.362938 149.165085 alt=584.000000m hdg=270.000000
arducopter: Starting sketch 'ArduCopter'
arducopter: Starting SITL input
arducopter: Using Irlock at port : 9005
arducopter: bind port 5760 for SERIAL0
arducopter: SERIAL0 on TCP port 5760
arducopter: Waiting for connection ....
arducopter: Connection on serial port 5760
AT-0003.4: get_parameter(STAT_BOOTCNT): None
AT-0003.4: Sending param_request_read for (STAT_BOOTCNT)
arducopter: Loaded defaults from /tmp/tmpw3f7phra,/home/umemoto/Ardupilot-UmemotoLab/Tools/autotest/default_params/copter.parm
arducopter: bind port 5762 for SERIAL1
arducopter: SERIAL1 on TCP port 5762
arducopter: bind port 5763 for SERIAL2
arducopter: SERIAL2 on TCP port 5763
arducopter: Loaded defaults from /tmp/tmpw3f7phra,/home/umemoto/Ardupilot-UmemotoLab/Tools/autotest/default_params/copter.parm
arducopter: Smoothing reset at 0.001
arducopter: validate_structures:528: Validating structures
arducopter: Waiting for internal clock bits to be set (current=0x00)
arducopter: Loaded defaults from /tmp/tmpw3f7phra,/home/umemoto/Ardupilot-UmemotoLab/Tools/autotest/default_params/copter.parm
arducopter: Loaded defaults from /tmp/tmpw3f7phra,/home/umemoto/Ardupilot-UmemotoLab/Tools/autotest/default_params/copter.parm
arducopter: Loaded defaults from /tmp/tmpw3f7phra,/home/umemoto/Ardupilot-UmemotoLab/Tools/autotest/default_params/copter.parm
arducopter: Loaded defaults from /tmp/tmpw3f7phra,/home/umemoto/Ardupilot-UmemotoLab/Tools/autotest/default_params/copter.parm
arducopter: Loaded defaults from /tmp/tmpw3f7phra,/home/umemoto/Ardupilot-UmemotoLab/Tools/autotest/default_params/copter.parm
arducopter: Loaded defaults from /tmp/tmpw3f7phra,/home/umemoto/Ardupilot-UmemotoLab/Tools/autotest/default_params/copter.parm
AT-0003.4: get_parameter(STAT_BOOTCNT): PARAM_VALUE {param_id : STAT_BOOTCNT, param_value : 3.0, param_type : 4, param_count : 1356, param_index : 65535}
AT-0003.4: current=3.0 required=3
AT-0003.4: Doing timesync roundtrip
AT-0003.4: AP: RCInput: decoding UDP (Pulses)
AT-0003.4: Received: TIMESYNC {tc1 : 199178000, ts1 : 143250}
AT-0003.4: Received TIMESYNC response after 0.000032s
AT-0003.4: Calling initialise-after-reboot
AT-0003.4: Drained 0 messages from mav (0.000000/s)
AT-0003.4: AP: Calibrating barometer
AT-0003.4: Doing timesync roundtrip
AT-0003.4: Received: TIMESYNC {tc1 : 1035510000, ts1 : 144250}
AT-0003.4: Received TIMESYNC response after 0.000046s
AT-0003.4: AP: Barometer 1 calibration complete
AT-0003.4: AP: Barometer 2 calibration complete
AT-0003.4: AP: ArduPilot Ready
AT-0003.4: AP: AHRS: DCM active
AT-0003.4: Reboot complete
AT-0003.4: set_parameters: ({})
AT-0003.4: Simstate Close to startup location: dist=0.000000 max=1.000000 (simstate: lat=-35.362938,lon=149.165085,alt=0.0 start-loc: lat=-35.362938,lon=149.165085,alt=584.0)
Renaming autotest-1778514804618610.tlog to /home/umemoto/buildlogs/ArduCopter-TestObserverParameters-autotest-1778514804618610.tlog
Renaming logs/00000001.BIN to /home/umemoto/buildlogs/ArduCopter-TestObserverParameters-00000001.BIN
Renaming logs/00000002.BIN to /home/umemoto/buildlogs/ArduCopter-TestObserverParameters-00000002.BIN
AT-0003.4: FAILED: "TestObserverParameters (Test AP_Observer parameter defaults and set/get)": NotAchievedException('Failed to retrieve parameter (OBS_EKF_EN_GAT)') (see /home/umemoto/buildlogs/ArduCopter-TestObserverParameters.txt)
AT-0003.4: AP: RC7: SaveWaypoint MIDDLE
AT-0003.4: Received (MISSION_ACK {target_system : 250, target_component : 250, type : 0, mission_type : 1})
AT-0003.4: MISSION_ACK.target_system has expected value 250
AT-0003.4: MISSION_ACK.target_component has expected value 250
AT-0003.4: MISSION_ACK.type has expected value 0 (MAV_MISSION_ACCEPTED)
AT-0003.4: AP: Fence Indexed OK
AT-0003.4: Received (MISSION_ACK {target_system : 250, target_component : 250, type : 0, mission_type : 0})
AT-0003.4: MISSION_ACK.target_system has expected value 250
AT-0003.4: MISSION_ACK.target_component has expected value 250
AT-0003.4: MISSION_ACK.type has expected value 0 (MAV_MISSION_ACCEPTED)
AT-0003.4: AP: Flight plan received
AT-0003.4: Received (MISSION_ACK {target_system : 250, target_component : 250, type : 0, mission_type : 2})
AT-0003.4: MISSION_ACK.target_system has expected value 250
AT-0003.4: MISSION_ACK.target_component has expected value 250
AT-0003.4: MISSION_ACK.type has expected value 0 (MAV_MISSION_ACCEPTED)
AT-0003.4: ##################################################################################
AT-0003.4: ########## TestObserverLogging (Test AP_Observer OBSV log messages during flight)  ##########
AT-0003.4: ##################################################################################
AT-0003.4: Doing timesync roundtrip
AT-0003.4: Received: TIMESYNC {tc1 : 3150497000, ts1 : 145250}
AT-0003.4: Received TIMESYNC response after 0.000000s
AT-0003.4: RC values good
AT-0003.4: Drained 12 messages from mav (15201.343401/s)
AT-0003.4: Changing mode to STABILIZE
AT-0003.4: Sending COMMAND_LONG to (1,1) (MAV_CMD_DO_SET_MODE=176) (p1=1.000000 p2=0.000000 p3=0.000000 p4=0.000000 p5=0.000000 p6=0.000000  p7=0.000000)
AT-0003.4: AP: EKF3 IMU0 initialised
AT-0003.4: AP: EKF3 IMU1 initialised
AT-0003.4: AP: AHRS: EKF3 active
AT-0003.5: Got mode STABILIZE
AT-0003.5: set_parameters: ({'LOG_DISARMED': 1})
AT-0003.5: LOG_DISARMED want=1.000000 autopilot=None (attempt=1/10)
AT-0003.5: Requesting (LOG_DISARMED)
AT-0003.5: Received wanted PARAM_VALUE LOG_DISARMED=1.000000
AT-0003.5: LOG_DISARMED want=1.000000 autopilot=1.0 (attempt=2/10)
AT-0003.5: LOG_DISARMED is now 1.000000
AT-0003.5: Drained 0 messages from mav (0.000000/s)
AT-0003.5: AP: EKF3 IMU1 tilt alignment complete
AT-0003.5: AP: EKF3 IMU0 tilt alignment complete
AT-0003.5: AP: EKF3 IMU1 MAG0 initial yaw alignment complete
AT-0003.5: AP: EKF3 IMU0 MAG0 initial yaw alignment complete
AT-0003.5: Rebooting SITL
AT-0003.5: Sending param_request_read for (STAT_RESET)
AT-0003.5: get_parameter(STAT_RESET): PARAM_VALUE {param_id : STAT_RESET, param_value : 1.0, param_type : 6, param_count : 1366, param_index : 65535}
AT-0003.5: Sending param_request_read for (STAT_BOOTCNT)
AT-0003.5: get_parameter(STAT_BOOTCNT): PARAM_VALUE {param_id : STAT_BOOTCNT, param_value : 3.0, param_type : 4, param_count : 1366, param_index : 65535}
AT-0003.5: Sending reboot command
AT-0003.5: Sending COMMAND_LONG to (1,1) (MAV_CMD_PREFLIGHT_REBOOT_SHUTDOWN=246) (p1=1.000000 p2=1.000000 p3=0.000000 p4=0.000000 p5=0.000000 p6=0.000000  p7=0.000000)
AT-0003.5: Sending param_request_read for (STAT_BOOTCNT)
AT-0003.5: While awaiting reboot received (COMMAND_ACK {command : 246, result : 0, progress : 0, result_param2 : 0, target_system : 250, target_component : 250})
EOF on TCP socket
Attempting reconnect
[Errno 111] Connection refused sleeping
arducopter: Suggested EK3_DRAG_BCOEF_* = 17.209, EK3_DRAG_MCOEF = 0.209
arducopter: Home: -35.362938 149.165085 alt=584.000000m hdg=270.000000
arducopter: Starting sketch 'ArduCopter'
arducopter: Starting SITL input
arducopter: Using Irlock at port : 9005
arducopter: bind port 5760 for SERIAL0
arducopter: SERIAL0 on TCP port 5760
arducopter: Waiting for connection ....
arducopter: Connection on serial port 5760
AT-0004.5: get_parameter(STAT_BOOTCNT): None
AT-0004.5: Sending param_request_read for (STAT_BOOTCNT)
arducopter: Loaded defaults from /tmp/tmpw3f7phra,/home/umemoto/Ardupilot-UmemotoLab/Tools/autotest/default_params/copter.parm
arducopter: bind port 5762 for SERIAL1
arducopter: SERIAL1 on TCP port 5762
arducopter: bind port 5763 for SERIAL2
arducopter: SERIAL2 on TCP port 5763
arducopter: Loaded defaults from /tmp/tmpw3f7phra,/home/umemoto/Ardupilot-UmemotoLab/Tools/autotest/default_params/copter.parm
arducopter: Smoothing reset at 0.001
arducopter: validate_structures:528: Validating structures
arducopter: Waiting for internal clock bits to be set (current=0x00)
arducopter: Loaded defaults from /tmp/tmpw3f7phra,/home/umemoto/Ardupilot-UmemotoLab/Tools/autotest/default_params/copter.parm
arducopter: Loaded defaults from /tmp/tmpw3f7phra,/home/umemoto/Ardupilot-UmemotoLab/Tools/autotest/default_params/copter.parm
arducopter: Loaded defaults from /tmp/tmpw3f7phra,/home/umemoto/Ardupilot-UmemotoLab/Tools/autotest/default_params/copter.parm
arducopter: Loaded defaults from /tmp/tmpw3f7phra,/home/umemoto/Ardupilot-UmemotoLab/Tools/autotest/default_params/copter.parm
arducopter: Loaded defaults from /tmp/tmpw3f7phra,/home/umemoto/Ardupilot-UmemotoLab/Tools/autotest/default_params/copter.parm
arducopter: Loaded defaults from /tmp/tmpw3f7phra,/home/umemoto/Ardupilot-UmemotoLab/Tools/autotest/default_params/copter.parm
AT-0004.5: get_parameter(STAT_BOOTCNT): PARAM_VALUE {param_id : STAT_BOOTCNT, param_value : 4.0, param_type : 4, param_count : 1356, param_index : 65535}
AT-0004.5: current=4.0 required=4
AT-0004.5: Doing timesync roundtrip
AT-0004.5: Received: TIMESYNC {tc1 : 194180000, ts1 : 147250}
AT-0004.5: Received TIMESYNC response after 0.000020s
AT-0004.5: Calling initialise-after-reboot
AT-0004.5: AP: RCInput: decoding UDP (Pulses)
AT-0004.5: Drained 0 messages from mav (0.000000/s)
AT-0004.5: AP: Calibrating barometer
AT-0004.5: Doing timesync roundtrip
AT-0004.5: Received: TIMESYNC {tc1 : 1018850000, ts1 : 148250}
AT-0004.5: Received TIMESYNC response after 0.000014s
AT-0004.5: AP: Barometer 1 calibration complete
AT-0004.5: AP: Barometer 2 calibration complete
AT-0004.5: AP: ArduPilot Ready
AT-0004.5: AP: AHRS: DCM active
AT-0004.5: Reboot complete
AT-0004.5: set_parameters: ({})
AT-0004.5: Simstate Close to startup location: dist=0.000000 max=1.000000 (simstate: lat=-35.362938,lon=149.165085,alt=0.0 start-loc: lat=-35.362938,lon=149.165085,alt=584.0)
AT-0004.5: Taking off to 10m
AT-0004.5: TAKEOFF
AT-0004.5: Drained 3 messages from mav (20901.847176/s)
AT-0004.5: AP: RC7: SaveWaypoint MIDDLE
AT-0004.5: Changing mode to ALT_HOLD
AT-0004.5: Sending COMMAND_LONG to (1,1) (MAV_CMD_DO_SET_MODE=176) (p1=1.000000 p2=2.000000 p3=0.000000 p4=0.000000 p5=0.000000 p6=0.000000  p7=0.000000)
AT-0004.5: Got mode ALT_HOLD
AT-0004.5: Drained 0 messages from mav (0.000000/s)
AT-0004.5: AP: EKF3 IMU0 initialised
AT-0004.5: AP: EKF3 IMU1 initialised
AT-0004.5: AP: AHRS: EKF3 active
AT-0004.6: Waiting for ready to arm
AT-0004.6: Sending param_request_read for (AHRS_EKF_TYPE)
AT-0004.6: get_parameter(AHRS_EKF_TYPE): PARAM_VALUE {param_id : AHRS_EKF_TYPE, param_value : 3.0, param_type : 2, param_count : 1366, param_index : 65535}
AT-0004.6: Waiting for EKF value 831
AT-0004.6: Want=831 got=0 errors=0
AT-0004.6: AP: EKF3 IMU1 tilt alignment complete
AT-0004.6: AP: EKF3 IMU0 tilt alignment complete
AT-0004.6: AP: EKF3 IMU1 MAG0 initial yaw alignment complete
AT-0004.6: AP: EKF3 IMU0 MAG0 initial yaw alignment complete
AT-0004.6: Want=831 got=167 errors=128
AT-0004.6: Want=831 got=167 errors=128
AT-0004.6: Want=831 got=167 errors=128
AT-0004.6: AP: GPS 1: probing for u-blox at 230400 baud
AT-0004.6: AP: GPS 1: detected u-blox
AT-0004.6: Want=831 got=167 errors=128
AT-0004.7: Want=831 got=167 errors=128
AT-0004.7: Want=831 got=167 errors=128
AT-0004.7: Want=831 got=167 errors=128
AT-0004.7: Want=831 got=167 errors=128
AT-0004.7: Want=831 got=167 errors=128
AT-0004.8: Want=831 got=167 errors=128
AT-0004.8: Want=831 got=167 errors=128
AT-0004.8: Want=831 got=167 errors=128
AT-0004.8: Want=831 got=167 errors=128
AT-0004.8: AP: EKF3 IMU1 origin set
AT-0004.8: AP: Field Elevation Set: 584m
AT-0004.8: AP: EKF3 IMU0 origin set
AT-0004.8: Want=831 got=167 errors=128
AT-0004.9: Want=831 got=167 errors=128
AT-0004.9: Want=831 got=167 errors=128
AT-0004.9: Want=831 got=167 errors=128
AT-0004.9: Want=831 got=167 errors=128
AT-0004.9: Want=831 got=167 errors=128
AT-0005.0: Want=831 got=167 errors=128
AT-0005.0: Want=831 got=167 errors=128
AT-0005.0: Want=831 got=167 errors=128
AT-0005.0: Want=831 got=167 errors=128
AT-0005.0: Want=831 got=167 errors=128
AT-0005.0: Want=831 got=167 errors=128
AT-0005.1: Want=831 got=167 errors=128
AT-0005.1: Want=831 got=167 errors=128
AT-0005.1: Want=831 got=167 errors=128
AT-0005.1: Want=831 got=167 errors=128
AT-0005.1: Want=831 got=167 errors=128
AT-0005.2: Want=831 got=167 errors=128
AT-0005.2: Want=831 got=167 errors=128
AT-0005.2: AP: EKF3 IMU0 is using GPS
AT-0005.2: AP: EKF3 IMU1 is using GPS
AT-0005.2: EKF Flags OK
AT-0005.2: Waiting for GPS health
AT-0005.2: GPS healthy after 0.000000/30.000000 seconds
AT-0005.2: Polled home position (HOME_POSITION {latitude : -353629380, longitude : 1491650850, altitude : 584090, x : 0.0, y : 0.0, z : -0.0, q : [nan, nan, nan, nan], approach_x : 0.0, approach_y : 0.0, approach_z : 0.0, time_usec : 42527149})
AT-0005.2: Doing timesync roundtrip
AT-0005.2: Received: TIMESYNC {tc1 : 42746319000, ts1 : 149250}
AT-0005.2: Received TIMESYNC response after 0.000000s
AT-0005.2: Took 38 seconds to become armable
AT-0005.2: RC values good
AT-0005.2: Arm motors with MAVLink cmd
AT-0005.2: Sending COMMAND_LONG to (1,1) (MAV_CMD_COMPONENT_ARM_DISARM=400) (p1=1.000000 p2=0.000000 p3=0.000000 p4=0.000000 p5=0.000000 p6=0.000000  p7=0.000000)
AT-0005.2: ACK received: COMMAND_ACK {command : 400, result : 0, progress : 0, result_param2 : 0, target_system : 250, target_component : 250} (0.000000s)
AT-0005.2: AP: Arming motors
AT-0005.2: AP: AP_Observer: Takeoff detected, starting frequency 
AT-0005.2: AP: estimation
AT-0005.2: Motors ARMED
AT-0005.2: RC values good
AT-0005.3: Waiting for Altitude=12.00 with accuracy 3.00
AT-0005.3: Altitude=0.00 (want 12.000000 +- 3.000000)
AT-0005.3: Altitude=0.00 (want 12.000000 +- 3.000000)
AT-0005.3: Altitude=0.19 (want 12.000000 +- 3.000000)
AT-0005.3: Altitude=0.85 (want 12.000000 +- 3.000000)
AT-0005.3: Altitude=1.57 (want 12.000000 +- 3.000000)
AT-0005.4: Altitude=2.17 (want 12.000000 +- 3.000000)
AT-0005.4: AP: EKF3 IMU0 MAG0 in-flight yaw alignment complete
AT-0005.4: AP: EKF3 IMU1 MAG0 in-flight yaw alignment complete
AT-0005.4: Altitude=2.91 (want 12.000000 +- 3.000000)
AT-0005.4: Altitude=3.56 (want 12.000000 +- 3.000000)
AT-0005.4: Altitude=4.30 (want 12.000000 +- 3.000000)
AT-0005.4: Altitude=5.07 (want 12.000000 +- 3.000000)
AT-0005.5: Altitude=5.72 (want 12.000000 +- 3.000000)
AT-0005.5: Altitude=6.47 (want 12.000000 +- 3.000000)
AT-0005.5: Altitude=7.12 (want 12.000000 +- 3.000000)
AT-0005.5: Altitude=7.87 (want 12.000000 +- 3.000000)
AT-0005.5: Altitude=8.51 (want 12.000000 +- 3.000000)
AT-0005.5: Attained Altitude=9.032
AT-0005.6: RC values good
AT-0005.6: TAKEOFF COMPLETE
AT-0005.6: Delaying 5.000000 seconds
AT-0005.6: Hovering for 20 seconds to collect OBSV logs
AT-0005.7: Delaying 20.000000 seconds
AT-0006.0: Drained 8 messages from mav (37449.142857/s)
AT-0006.0: Changing mode to RTL
AT-0006.0: Sending COMMAND_LONG to (1,1) (MAV_CMD_DO_SET_MODE=176) (p1=1.000000 p2=6.000000 p3=0.000000 p4=0.000000 p5=0.000000 p6=0.000000  p7=0.000000)
AT-0006.0: Got mode RTL
AT-0006.0: RC values good
AT-0006.0: Waiting RTL to reach Home and disarm
AT-0006.1: Drained 24 messages from mav (21921.449477/s)
AT-0006.1: Drained 24 messages from mav (21940.561465/s)
AT-0006.1: Drained 24 messages from mav (22930.135763/s)
AT-0006.1: Drained 24 messages from mav (26255.424100/s)
AT-0006.1: Drained 24 messages from mav (20967.151843/s)
AT-0006.1: Drained 24 messages from mav (28934.549008/s)
AT-0006.2: Drained 24 messages from mav (22206.771674/s)
AT-0006.2: Drained 24 messages from mav (39062.202561/s)
AT-0006.2: Drained 24 messages from mav (25930.782071/s)
AT-0006.2: Drained 24 messages from mav (21671.323143/s)
AT-0006.2: Drained 24 messages from mav (40639.199031/s)
AT-0006.3: Drained 24 messages from mav (31496.650814/s)
AT-0006.3: Drained 24 messages from mav (22206.771674/s)
AT-0006.3: Drained 24 messages from mav (25065.561753/s)
AT-0006.3: Drained 23 messages from mav (40161.945046/s)
AT-0006.3: Drained 23 messages from mav (24843.933041/s)
AT-0006.4: Drained 23 messages from mav (31953.955614/s)
AT-0006.4: Drained 23 messages from mav (35782.267062/s)
AT-0006.4: Drained 23 messages from mav (22502.680662/s)
AT-0006.4: Drained 23 messages from mav (20412.397799/s)
AT-0006.4: Drained 23 messages from mav (21239.320123/s)
AT-0006.5: Drained 23 messages from mav (24208.028105/s)
AT-0006.5: Drained 23 messages from mav (21333.257851/s)
AT-0006.5: Drained 23 messages from mav (35610.554448/s)
AT-0006.5: Drained 23 messages from mav (16606.815631/s)
AT-0006.5: Drained 23 messages from mav (33071.303394/s)
AT-0006.5: Drained 23 messages from mav (41403.000858/s)
AT-0006.6: Drained 23 messages from mav (37232.339637/s)
AT-0006.6: Drained 23 messages from mav (41173.278703/s)
AT-0006.6: Drained 23 messages from mav (24063.106011/s)
AT-0006.6: Drained 23 messages from mav (32935.811540/s)
AT-0006.6: Drained 23 messages from mav (20300.713805/s)
AT-0006.7: Drained 23 messages from mav (21072.300568/s)
AT-0006.7: Drained 23 messages from mav (17454.132803/s)
AT-0006.7: Drained 23 messages from mav (21610.437276/s)
AT-0006.7: Drained 23 messages from mav (23358.109443/s)
AT-0006.7: Drained 23 messages from mav (22460.766473/s)
AT-0006.8: Drained 23 messages from mav (24780.116106/s)
AT-0006.8: Drained 23 messages from mav (15817.181833/s)
AT-0006.8: Drained 23 messages from mav (22666.586466/s)
AT-0006.8: AP: SIM Hit ground at 0.501644 m/s
AT-0006.8: Drained 23 messages from mav (32790.276003/s)
AT-0006.8: Drained 23 messages from mav (22085.391941/s)
AT-0006.8: AP: Disarming motors
AT-0006.8: Waiting for DISARM
AT-0006.8: Waiting for disarm (0.00s so far of allowed 120.00)
AT-0006.9: DISARMED after 0.00 seconds (allowed=120.00)
AT-0006.9: Analyzing OBSV log data...
AT-0006.9: log list: ['logs/00000002.BIN']
AT-0007.1: Found 13055 OBSV messages
AT-0007.1: Fields found: ['FX', 'FY', 'PFX', 'PFY', 'PFZ', 'PLX', 'PLY', 'PLZ', 'SW', 'TimeUS']
AT-0007.1: X-axis Frequency: median=0.6000, min=0.5867, max=0.6001 Hz
AT-0007.1: PASS: ALL OBSERVER LOGGING TESTS PASSED
AT-0007.1: set_parameters: ({'LOG_DISARMED': 1.0})
AT-0007.1: LOG_DISARMED want=1.000000 autopilot=None (attempt=1/10)
AT-0007.1: Requesting (LOG_DISARMED)
AT-0007.1: Received wanted PARAM_VALUE LOG_DISARMED=1.000000
AT-0007.1: LOG_DISARMED want=1.000000 autopilot=1.0 (attempt=2/10)
AT-0007.1: LOG_DISARMED is now 1.000000
AT-0007.1: Doing implicit context-pop reboot
AT-0007.1: Drained 0 messages from mav (0.000000/s)
AT-0007.2: Rebooting SITL
AT-0007.2: Sending param_request_read for (STAT_RESET)
AT-0007.2: get_parameter(STAT_RESET): PARAM_VALUE {param_id : STAT_RESET, param_value : 1.0, param_type : 6, param_count : 1366, param_index : 65535}
AT-0007.2: Sending param_request_read for (STAT_BOOTCNT)
AT-0007.2: get_parameter(STAT_BOOTCNT): PARAM_VALUE {param_id : STAT_BOOTCNT, param_value : 4.0, param_type : 4, param_count : 1366, param_index : 65535}
AT-0007.2: Sending reboot command
AT-0007.2: Sending COMMAND_LONG to (1,1) (MAV_CMD_PREFLIGHT_REBOOT_SHUTDOWN=246) (p1=1.000000 p2=1.000000 p3=0.000000 p4=0.000000 p5=0.000000 p6=0.000000  p7=0.000000)
AT-0007.2: Sending param_request_read for (STAT_BOOTCNT)
AT-0007.2: While awaiting reboot received (COMMAND_ACK {command : 246, result : 0, progress : 0, result_param2 : 0, target_system : 250, target_component : 250})
EOF on TCP socket
Attempting reconnect
[Errno 111] Connection refused sleeping
arducopter: Suggested EK3_DRAG_BCOEF_* = 17.209, EK3_DRAG_MCOEF = 0.209
arducopter: Home: -35.362938 149.165085 alt=584.000000m hdg=270.000000
arducopter: Starting sketch 'ArduCopter'
arducopter: Starting SITL input
arducopter: Using Irlock at port : 9005
arducopter: bind port 5760 for SERIAL0
arducopter: SERIAL0 on TCP port 5760
arducopter: Waiting for connection ....
arducopter: Connection on serial port 5760
AT-0008.2: get_parameter(STAT_BOOTCNT): None
AT-0008.2: Sending param_request_read for (STAT_BOOTCNT)
arducopter: Loaded defaults from /tmp/tmpw3f7phra,/home/umemoto/Ardupilot-UmemotoLab/Tools/autotest/default_params/copter.parm
arducopter: bind port 5762 for SERIAL1
arducopter: SERIAL1 on TCP port 5762
arducopter: bind port 5763 for SERIAL2
arducopter: SERIAL2 on TCP port 5763
arducopter: Loaded defaults from /tmp/tmpw3f7phra,/home/umemoto/Ardupilot-UmemotoLab/Tools/autotest/default_params/copter.parm
arducopter: Smoothing reset at 0.001
arducopter: validate_structures:528: Validating structures
arducopter: Waiting for internal clock bits to be set (current=0x00)
arducopter: Loaded defaults from /tmp/tmpw3f7phra,/home/umemoto/Ardupilot-UmemotoLab/Tools/autotest/default_params/copter.parm
arducopter: Loaded defaults from /tmp/tmpw3f7phra,/home/umemoto/Ardupilot-UmemotoLab/Tools/autotest/default_params/copter.parm
arducopter: Loaded defaults from /tmp/tmpw3f7phra,/home/umemoto/Ardupilot-UmemotoLab/Tools/autotest/default_params/copter.parm
arducopter: Loaded defaults from /tmp/tmpw3f7phra,/home/umemoto/Ardupilot-UmemotoLab/Tools/autotest/default_params/copter.parm
arducopter: Loaded defaults from /tmp/tmpw3f7phra,/home/umemoto/Ardupilot-UmemotoLab/Tools/autotest/default_params/copter.parm
arducopter: Loaded defaults from /tmp/tmpw3f7phra,/home/umemoto/Ardupilot-UmemotoLab/Tools/autotest/default_params/copter.parm
AT-0008.2: get_parameter(STAT_BOOTCNT): PARAM_VALUE {param_id : STAT_BOOTCNT, param_value : 5.0, param_type : 4, param_count : 1356, param_index : 65535}
AT-0008.2: current=5.0 required=5
AT-0008.2: Doing timesync roundtrip
AT-0008.2: AP: RCInput: decoding UDP (Pulses)
AT-0008.2: Received: TIMESYNC {tc1 : 200844000, ts1 : 151250}
AT-0008.2: Received TIMESYNC response after 0.000019s
AT-0008.2: Calling initialise-after-reboot
AT-0008.2: Drained 0 messages from mav (0.000000/s)
AT-0008.2: AP: Calibrating barometer
AT-0008.2: Doing timesync roundtrip
AT-0008.2: Received: TIMESYNC {tc1 : 1033011000, ts1 : 152250}
AT-0008.2: Received TIMESYNC response after 0.000013s
AT-0008.2: AP: Barometer 1 calibration complete
AT-0008.2: AP: Barometer 2 calibration complete
AT-0008.2: AP: ArduPilot Ready
AT-0008.2: AP: AHRS: DCM active
AT-0008.2: Reboot complete
AT-0008.2: set_parameters: ({})
AT-0008.2: Simstate Close to startup location: dist=0.000000 max=1.000000 (simstate: lat=-35.362938,lon=149.165085,alt=0.0 start-loc: lat=-35.362938,lon=149.165085,alt=584.0)
AT-0008.2: AP: RC7: SaveWaypoint MIDDLE
AT-0008.2: Drained 4 messages from mav (25420.024242/s)
AT-0008.2: set_parameters: ({})
AT-0008.2: Drained 0 messages from mav (0.000000/s)
AT-0008.2: PASSED: "TestObserverLogging (Test AP_Observer OBSV log messages during flight)"
AT-0008.2: Received (MISSION_ACK {target_system : 250, target_component : 250, type : 0, mission_type : 1})
AT-0008.2: MISSION_ACK.target_system has expected value 250
AT-0008.2: MISSION_ACK.target_component has expected value 250
AT-0008.2: MISSION_ACK.type has expected value 0 (MAV_MISSION_ACCEPTED)
AT-0008.2: AP: Fence Indexed OK
AT-0008.2: Received (MISSION_ACK {target_system : 250, target_component : 250, type : 0, mission_type : 0})
AT-0008.2: MISSION_ACK.target_system has expected value 250
AT-0008.2: MISSION_ACK.target_component has expected value 250
AT-0008.2: MISSION_ACK.type has expected value 0 (MAV_MISSION_ACCEPTED)
AT-0008.2: AP: Flight plan received
AT-0008.2: Received (MISSION_ACK {target_system : 250, target_component : 250, type : 0, mission_type : 2})
AT-0008.2: MISSION_ACK.target_system has expected value 250
AT-0008.2: MISSION_ACK.target_component has expected value 250
AT-0008.2: MISSION_ACK.type has expected value 0 (MAV_MISSION_ACCEPTED)
AT-0008.2: ##################################################################################
AT-0008.2: ########## TestObserverEKFOperation (Test AP_Observer EKF operates correctly during flight)  ##########
AT-0008.2: ##################################################################################
AT-0008.2: Doing timesync roundtrip
AT-0008.2: Received: TIMESYNC {tc1 : 4377506000, ts1 : 153250}
AT-0008.2: Received TIMESYNC response after 0.000000s
AT-0008.2: AP: EKF3 IMU0 initialised
AT-0008.2: AP: EKF3 IMU1 initialised
AT-0008.2: AP: AHRS: EKF3 active
AT-0008.2: chan=3 needs resetting is=1500 want=1000
AT-0008.2: RC values good
AT-0008.2: Drained 12 messages from mav (40557.331185/s)
AT-0008.2: Changing mode to STABILIZE
AT-0008.2: Sending COMMAND_LONG to (1,1) (MAV_CMD_DO_SET_MODE=176) (p1=1.000000 p2=0.000000 p3=0.000000 p4=0.000000 p5=0.000000 p6=0.000000  p7=0.000000)
AT-0008.2: AP: EKF3 IMU1 tilt alignment complete
AT-0008.2: AP: EKF3 IMU0 tilt alignment complete
AT-0008.2: AP: EKF3 IMU1 MAG0 initial yaw alignment complete
AT-0008.2: AP: EKF3 IMU0 MAG0 initial yaw alignment complete
AT-0008.3: Got mode STABILIZE
AT-0008.3: set_parameters: ({'LOG_DISARMED': 1})
AT-0008.3: LOG_DISARMED want=1.000000 autopilot=None (attempt=1/10)
AT-0008.3: Requesting (LOG_DISARMED)
AT-0008.3: Received wanted PARAM_VALUE LOG_DISARMED=1.000000
AT-0008.3: LOG_DISARMED want=1.000000 autopilot=1.0 (attempt=2/10)
AT-0008.3: LOG_DISARMED is now 1.000000
AT-0008.3: Drained 0 messages from mav (0.000000/s)
AT-0008.3: Rebooting SITL
AT-0008.3: Sending param_request_read for (STAT_RESET)
AT-0008.3: get_parameter(STAT_RESET): PARAM_VALUE {param_id : STAT_RESET, param_value : 1.0, param_type : 6, param_count : 1366, param_index : 65535}
AT-0008.3: Sending param_request_read for (STAT_BOOTCNT)
AT-0008.3: get_parameter(STAT_BOOTCNT): PARAM_VALUE {param_id : STAT_BOOTCNT, param_value : 5.0, param_type : 4, param_count : 1366, param_index : 65535}
AT-0008.3: Sending reboot command
AT-0008.3: Sending COMMAND_LONG to (1,1) (MAV_CMD_PREFLIGHT_REBOOT_SHUTDOWN=246) (p1=1.000000 p2=1.000000 p3=0.000000 p4=0.000000 p5=0.000000 p6=0.000000  p7=0.000000)
AT-0008.3: Sending param_request_read for (STAT_BOOTCNT)
AT-0008.3: While awaiting reboot received (COMMAND_ACK {command : 246, result : 0, progress : 0, result_param2 : 0, target_system : 250, target_component : 250})
EOF on TCP socket
Attempting reconnect
[Errno 111] Connection refused sleeping
arducopter: Suggested EK3_DRAG_BCOEF_* = 17.209, EK3_DRAG_MCOEF = 0.209
arducopter: Home: -35.362938 149.165085 alt=584.000000m hdg=270.000000
arducopter: Starting sketch 'ArduCopter'
arducopter: Starting SITL input
arducopter: Using Irlock at port : 9005
arducopter: bind port 5760 for SERIAL0
arducopter: SERIAL0 on TCP port 5760
arducopter: Waiting for connection ....
arducopter: Connection on serial port 5760
AT-0009.3: get_parameter(STAT_BOOTCNT): None
AT-0009.3: Sending param_request_read for (STAT_BOOTCNT)
arducopter: Loaded defaults from /tmp/tmpw3f7phra,/home/umemoto/Ardupilot-UmemotoLab/Tools/autotest/default_params/copter.parm
arducopter: bind port 5762 for SERIAL1
arducopter: SERIAL1 on TCP port 5762
arducopter: bind port 5763 for SERIAL2
arducopter: SERIAL2 on TCP port 5763
arducopter: Loaded defaults from /tmp/tmpw3f7phra,/home/umemoto/Ardupilot-UmemotoLab/Tools/autotest/default_params/copter.parm
arducopter: Smoothing reset at 0.001
arducopter: validate_structures:528: Validating structures
arducopter: Waiting for internal clock bits to be set (current=0x00)
arducopter: Loaded defaults from /tmp/tmpw3f7phra,/home/umemoto/Ardupilot-UmemotoLab/Tools/autotest/default_params/copter.parm
arducopter: Loaded defaults from /tmp/tmpw3f7phra,/home/umemoto/Ardupilot-UmemotoLab/Tools/autotest/default_params/copter.parm
arducopter: Loaded defaults from /tmp/tmpw3f7phra,/home/umemoto/Ardupilot-UmemotoLab/Tools/autotest/default_params/copter.parm
arducopter: Loaded defaults from /tmp/tmpw3f7phra,/home/umemoto/Ardupilot-UmemotoLab/Tools/autotest/default_params/copter.parm
arducopter: Loaded defaults from /tmp/tmpw3f7phra,/home/umemoto/Ardupilot-UmemotoLab/Tools/autotest/default_params/copter.parm
arducopter: Loaded defaults from /tmp/tmpw3f7phra,/home/umemoto/Ardupilot-UmemotoLab/Tools/autotest/default_params/copter.parm
AT-0009.3: get_parameter(STAT_BOOTCNT): PARAM_VALUE {param_id : STAT_BOOTCNT, param_value : 6.0, param_type : 4, param_count : 1356, param_index : 65535}
AT-0009.3: current=6.0 required=6
AT-0009.3: Doing timesync roundtrip
AT-0009.3: Received: TIMESYNC {tc1 : 174188000, ts1 : 155250}
AT-0009.3: Received TIMESYNC response after 0.000113s
AT-0009.3: Calling initialise-after-reboot
AT-0009.3: AP: RCInput: decoding UDP (Pulses)
AT-0009.3: Drained 0 messages from mav (0.000000/s)
AT-0009.3: AP: Calibrating barometer
AT-0009.3: Doing timesync roundtrip
AT-0009.3: Received: TIMESYNC {tc1 : 1027180000, ts1 : 156250}
AT-0009.3: Received TIMESYNC response after 0.000019s
AT-0009.3: AP: Barometer 1 calibration complete
AT-0009.3: AP: Barometer 2 calibration complete
AT-0009.3: AP: ArduPilot Ready
AT-0009.3: AP: AHRS: DCM active
AT-0009.3: Reboot complete
AT-0009.3: set_parameters: ({})
AT-0009.3: Simstate Close to startup location: dist=0.000000 max=1.000000 (simstate: lat=-35.362938,lon=149.165085,alt=0.0 start-loc: lat=-35.362938,lon=149.165085,alt=584.0)
AT-0009.3: Taking off to 10m
AT-0009.3: TAKEOFF
AT-0009.3: AP: RC7: SaveWaypoint MIDDLE
AT-0009.3: Drained 4 messages from mav (19949.127229/s)
AT-0009.3: Changing mode to ALT_HOLD
AT-0009.3: Sending COMMAND_LONG to (1,1) (MAV_CMD_DO_SET_MODE=176) (p1=1.000000 p2=2.000000 p3=0.000000 p4=0.000000 p5=0.000000 p6=0.000000  p7=0.000000)
AT-0009.3: Got mode ALT_HOLD
AT-0009.3: Drained 0 messages from mav (0.000000/s)
AT-0009.3: AP: EKF3 IMU0 initialised
AT-0009.3: AP: EKF3 IMU1 initialised
AT-0009.3: AP: AHRS: EKF3 active
AT-0009.4: Waiting for ready to arm
AT-0009.4: Sending param_request_read for (AHRS_EKF_TYPE)
AT-0009.4: get_parameter(AHRS_EKF_TYPE): PARAM_VALUE {param_id : AHRS_EKF_TYPE, param_value : 3.0, param_type : 2, param_count : 1366, param_index : 65535}
AT-0009.4: Waiting for EKF value 831
AT-0009.4: Want=831 got=0 errors=0
AT-0009.4: AP: EKF3 IMU1 tilt alignment complete
AT-0009.4: AP: EKF3 IMU0 tilt alignment complete
AT-0009.4: AP: EKF3 IMU1 MAG0 initial yaw alignment complete
AT-0009.4: AP: EKF3 IMU0 MAG0 initial yaw alignment complete
AT-0009.4: Want=831 got=167 errors=128
AT-0009.4: Want=831 got=167 errors=128
AT-0009.4: Want=831 got=167 errors=128
AT-0009.4: AP: GPS 1: probing for u-blox at 230400 baud
AT-0009.4: AP: GPS 1: detected u-blox
AT-0009.4: Want=831 got=167 errors=128
AT-0009.5: Want=831 got=167 errors=128
AT-0009.5: Want=831 got=167 errors=128
AT-0009.5: Want=831 got=167 errors=128
AT-0009.5: Want=831 got=167 errors=128
AT-0009.5: Want=831 got=167 errors=128
AT-0009.6: Want=831 got=167 errors=128
AT-0009.6: Want=831 got=167 errors=128
AT-0009.6: Want=831 got=167 errors=128
AT-0009.6: Want=831 got=167 errors=128
AT-0009.6: AP: EKF3 IMU1 origin set
AT-0009.6: AP: Field Elevation Set: 584m
AT-0009.6: AP: EKF3 IMU0 origin set
AT-0009.6: Want=831 got=167 errors=128
AT-0009.7: Want=831 got=167 errors=128
AT-0009.7: Want=831 got=167 errors=128
AT-0009.7: Want=831 got=167 errors=128
AT-0009.7: Want=831 got=167 errors=128
AT-0009.7: Want=831 got=167 errors=128
AT-0009.8: Want=831 got=167 errors=128
AT-0009.8: Want=831 got=167 errors=128
AT-0009.8: Want=831 got=167 errors=128
AT-0009.8: Want=831 got=167 errors=128
AT-0009.8: Want=831 got=167 errors=128
AT-0009.9: Want=831 got=167 errors=128
AT-0009.9: Want=831 got=167 errors=128
AT-0009.9: Want=831 got=167 errors=128
AT-0009.9: Want=831 got=167 errors=128
AT-0009.9: Want=831 got=167 errors=128
AT-0009.9: Want=831 got=167 errors=128
AT-0010.0: Want=831 got=167 errors=128
AT-0010.0: Want=831 got=167 errors=128
AT-0010.0: AP: EKF3 IMU0 is using GPS
AT-0010.0: AP: EKF3 IMU1 is using GPS
AT-0010.0: EKF Flags OK
AT-0010.0: Waiting for GPS health
AT-0010.0: GPS healthy after 0.000000/30.000000 seconds
AT-0010.0: Polled home position (HOME_POSITION {latitude : -353629380, longitude : 1491650850, altitude : 584090, x : 0.0, y : 0.0, z : -0.0, q : [nan, nan, nan, nan], approach_x : 0.0, approach_y : 0.0, approach_z : 0.0, time_usec : 42584626})
AT-0010.0: Doing timesync roundtrip
AT-0010.0: Received: TIMESYNC {tc1 : 42782138000, ts1 : 157250}
AT-0010.0: Received TIMESYNC response after 0.000000s
AT-0010.0: Took 38 seconds to become armable
AT-0010.0: RC values good
AT-0010.0: Arm motors with MAVLink cmd
AT-0010.0: Sending COMMAND_LONG to (1,1) (MAV_CMD_COMPONENT_ARM_DISARM=400) (p1=1.000000 p2=0.000000 p3=0.000000 p4=0.000000 p5=0.000000 p6=0.000000  p7=0.000000)
AT-0010.0: ACK received: COMMAND_ACK {command : 400, result : 0, progress : 0, result_param2 : 0, target_system : 250, target_component : 250} (0.000000s)
AT-0010.0: AP: Arming motors
AT-0010.0: AP: AP_Observer: Takeoff detected, starting frequency 
AT-0010.0: AP: estimation
AT-0010.1: Motors ARMED
AT-0010.1: RC values good
AT-0010.1: Waiting for Altitude=12.00 with accuracy 3.00
AT-0010.1: Altitude=0.00 (want 12.000000 +- 3.000000)
AT-0010.1: Altitude=0.00 (want 12.000000 +- 3.000000)
AT-0010.1: Altitude=0.22 (want 12.000000 +- 3.000000)
AT-0010.1: Altitude=0.98 (want 12.000000 +- 3.000000)
AT-0010.1: Altitude=1.55 (want 12.000000 +- 3.000000)
AT-0010.2: Altitude=2.27 (want 12.000000 +- 3.000000)
AT-0010.2: AP: EKF3 IMU0 MAG0 in-flight yaw alignment complete
AT-0010.2: AP: EKF3 IMU1 MAG0 in-flight yaw alignment complete
AT-0010.2: Altitude=3.06 (want 12.000000 +- 3.000000)
AT-0010.2: Altitude=3.69 (want 12.000000 +- 3.000000)
AT-0010.2: Altitude=4.42 (want 12.000000 +- 3.000000)
AT-0010.3: Altitude=5.06 (want 12.000000 +- 3.000000)
AT-0010.3: Altitude=5.84 (want 12.000000 +- 3.000000)
AT-0010.3: Altitude=6.46 (want 12.000000 +- 3.000000)
AT-0010.3: Altitude=7.25 (want 12.000000 +- 3.000000)
AT-0010.3: Altitude=7.88 (want 12.000000 +- 3.000000)
AT-0010.4: Altitude=8.65 (want 12.000000 +- 3.000000)
AT-0010.4: Attained Altitude=9.01
AT-0010.4: RC values good
AT-0010.4: TAKEOFF COMPLETE
AT-0010.4: Delaying 5.000000 seconds
AT-0010.5: Hovering for 30s to let EKF converge
AT-0010.5: Delaying 30.000000 seconds
AT-0011.0: Drained 8 messages from mav (30925.743779/s)
AT-0011.0: Changing mode to RTL
AT-0011.0: Sending COMMAND_LONG to (1,1) (MAV_CMD_DO_SET_MODE=176) (p1=1.000000 p2=6.000000 p3=0.000000 p4=0.000000 p5=0.000000 p6=0.000000  p7=0.000000)
AT-0011.0: Got mode RTL
AT-0011.0: RC values good
AT-0011.0: Waiting RTL to reach Home and disarm
AT-0011.0: Drained 24 messages from mav (21481.710627/s)
AT-0011.1: Drained 24 messages from mav (21940.561465/s)
AT-0011.1: Drained 24 messages from mav (26708.223932/s)
AT-0011.1: Drained 24 messages from mav (31437.631480/s)
AT-0011.1: Drained 24 messages from mav (23205.001383/s)
AT-0011.1: Drained 24 messages from mav (32982.731324/s)
AT-0011.2: Drained 24 messages from mav (42118.533891/s)
AT-0011.2: Drained 24 messages from mav (21490.883006/s)
AT-0011.2: Drained 24 messages from mav (20064.440104/s)
AT-0011.2: Drained 24 messages from mav (31734.960908/s)
AT-0011.2: Drained 24 messages from mav (28835.089086/s)
AT-0011.3: Drained 24 messages from mav (22026.979431/s)
AT-0011.3: Drained 24 messages from mav (22153.014085/s)
AT-0011.3: Drained 24 messages from mav (27125.652385/s)
AT-0011.3: Drained 23 messages from mav (26804.387886/s)
AT-0011.3: Drained 23 messages from mav (28702.467123/s)
AT-0011.4: Drained 23 messages from mav (29582.640908/s)
AT-0011.4: Drained 23 messages from mav (42497.353304/s)
AT-0011.4: Drained 23 messages from mav (41852.057267/s)
AT-0011.4: Drained 23 messages from mav (25446.845687/s)
AT-0011.4: Drained 23 messages from mav (26185.937025/s)
AT-0011.4: Drained 23 messages from mav (22613.453352/s)
AT-0011.5: Drained 23 messages from mav (21248.676652/s)
AT-0011.5: Drained 23 messages from mav (21557.316648/s)
AT-0011.5: Drained 23 messages from mav (25636.192400/s)
AT-0011.5: Drained 23 messages from mav (29912.865736/s)
AT-0011.5: Drained 23 messages from mav (21514.048171/s)
AT-0011.6: Drained 23 messages from mav (17198.964521/s)
AT-0011.6: Drained 23 messages from mav (37347.654665/s)
AT-0011.6: Drained 23 messages from mav (33920.180028/s)
AT-0011.6: Drained 23 messages from mav (22741.393682/s)
AT-0011.6: Drained 23 messages from mav (35955.643682/s)
AT-0011.7: Drained 23 messages from mav (38099.917852/s)
AT-0011.7: Drained 23 messages from mav (33836.896528/s)
AT-0011.7: Drained 23 messages from mav (37232.339637/s)
AT-0011.7: Drained 23 messages from mav (20173.356754/s)
AT-0011.7: Drained 23 messages from mav (30222.115288/s)
AT-0011.8: Drained 23 messages from mav (21215.964812/s)
AT-0011.8: Drained 23 messages from mav (35143.530783/s)
AT-0011.8: AP: SIM Hit ground at 0.500659 m/s
AT-0011.8: Drained 23 messages from mav (21722.358027/s)
AT-0011.8: Drained 23 messages from mav (33253.702861/s)
AT-0011.8: AP: Disarming motors
AT-0011.8: Drained 23 messages from mav (35375.501283/s)
AT-0011.8: Waiting for DISARM
AT-0011.8: Waiting for disarm (0.00s so far of allowed 120.00)
AT-0011.9: DISARMED after 0.00 seconds (allowed=120.00)
AT-0011.9: Checking EKF state in log...
AT-0011.9: log list: ['logs/00000002.BIN', 'logs/00000003.BIN', 'logs/00000004.BIN']
AT-0012.0: EKF samples: 3040
AT-0012.0: EKF X-axis frequency: 0.6000 +/- 0.0000 Hz
AT-0012.0: PASS: ALL EKF OPERATION TESTS PASSED
AT-0012.0: set_parameters: ({'LOG_DISARMED': 1.0})
AT-0012.1: LOG_DISARMED want=1.000000 autopilot=None (attempt=1/10)
AT-0012.1: Requesting (LOG_DISARMED)
AT-0012.1: Received wanted PARAM_VALUE LOG_DISARMED=1.000000
AT-0012.1: LOG_DISARMED want=1.000000 autopilot=1.0 (attempt=2/10)
AT-0012.1: LOG_DISARMED is now 1.000000
AT-0012.1: Doing implicit context-pop reboot
AT-0012.1: Drained 0 messages from mav (0.000000/s)
AT-0012.1: Rebooting SITL
AT-0012.1: Sending param_request_read for (STAT_RESET)
AT-0012.1: get_parameter(STAT_RESET): PARAM_VALUE {param_id : STAT_RESET, param_value : 1.0, param_type : 6, param_count : 1366, param_index : 65535}
AT-0012.1: Sending param_request_read for (STAT_BOOTCNT)
AT-0012.1: get_parameter(STAT_BOOTCNT): PARAM_VALUE {param_id : STAT_BOOTCNT, param_value : 6.0, param_type : 4, param_count : 1366, param_index : 65535}
AT-0012.1: Sending reboot command
AT-0012.1: Sending COMMAND_LONG to (1,1) (MAV_CMD_PREFLIGHT_REBOOT_SHUTDOWN=246) (p1=1.000000 p2=1.000000 p3=0.000000 p4=0.000000 p5=0.000000 p6=0.000000  p7=0.000000)
AT-0012.1: Sending param_request_read for (STAT_BOOTCNT)
AT-0012.1: While awaiting reboot received (COMMAND_ACK {command : 246, result : 0, progress : 0, result_param2 : 0, target_system : 250, target_component : 250})
EOF on TCP socket
Attempting reconnect
[Errno 111] Connection refused sleeping
arducopter: Suggested EK3_DRAG_BCOEF_* = 17.209, EK3_DRAG_MCOEF = 0.209
arducopter: Home: -35.362938 149.165085 alt=584.000000m hdg=270.000000
arducopter: Starting sketch 'ArduCopter'
arducopter: Starting SITL input
arducopter: Using Irlock at port : 9005
arducopter: bind port 5760 for SERIAL0
arducopter: SERIAL0 on TCP port 5760
arducopter: Waiting for connection ....
arducopter: Connection on serial port 5760
AT-0013.1: get_parameter(STAT_BOOTCNT): None
AT-0013.1: Sending param_request_read for (STAT_BOOTCNT)
arducopter: Loaded defaults from /tmp/tmpw3f7phra,/home/umemoto/Ardupilot-UmemotoLab/Tools/autotest/default_params/copter.parm
arducopter: bind port 5762 for SERIAL1
arducopter: SERIAL1 on TCP port 5762
arducopter: bind port 5763 for SERIAL2
arducopter: SERIAL2 on TCP port 5763
arducopter: Loaded defaults from /tmp/tmpw3f7phra,/home/umemoto/Ardupilot-UmemotoLab/Tools/autotest/default_params/copter.parm
arducopter: Smoothing reset at 0.001
arducopter: validate_structures:528: Validating structures
arducopter: Waiting for internal clock bits to be set (current=0x00)
arducopter: Loaded defaults from /tmp/tmpw3f7phra,/home/umemoto/Ardupilot-UmemotoLab/Tools/autotest/default_params/copter.parm
arducopter: Loaded defaults from /tmp/tmpw3f7phra,/home/umemoto/Ardupilot-UmemotoLab/Tools/autotest/default_params/copter.parm
arducopter: Loaded defaults from /tmp/tmpw3f7phra,/home/umemoto/Ardupilot-UmemotoLab/Tools/autotest/default_params/copter.parm
arducopter: Loaded defaults from /tmp/tmpw3f7phra,/home/umemoto/Ardupilot-UmemotoLab/Tools/autotest/default_params/copter.parm
arducopter: Loaded defaults from /tmp/tmpw3f7phra,/home/umemoto/Ardupilot-UmemotoLab/Tools/autotest/default_params/copter.parm
arducopter: Loaded defaults from /tmp/tmpw3f7phra,/home/umemoto/Ardupilot-UmemotoLab/Tools/autotest/default_params/copter.parm
AT-0013.1: get_parameter(STAT_BOOTCNT): PARAM_VALUE {param_id : STAT_BOOTCNT, param_value : 7.0, param_type : 4, param_count : 1356, param_index : 65535}
AT-0013.1: current=7.0 required=7
AT-0013.1: Doing timesync roundtrip
AT-0013.1: Received: TIMESYNC {tc1 : 186683000, ts1 : 159250}
AT-0013.1: Received TIMESYNC response after 0.000016s
AT-0013.1: Calling initialise-after-reboot
AT-0013.1: AP: RCInput: decoding UDP (Pulses)
AT-0013.1: Drained 0 messages from mav (0.000000/s)
AT-0013.1: AP: Calibrating barometer
AT-0013.1: Doing timesync roundtrip
AT-0013.1: Received: TIMESYNC {tc1 : 1028846000, ts1 : 160250}
AT-0013.1: Received TIMESYNC response after 0.000102s
AT-0013.1: AP: Barometer 1 calibration complete
AT-0013.1: AP: Barometer 2 calibration complete
AT-0013.1: AP: ArduPilot Ready
AT-0013.1: AP: AHRS: DCM active
AT-0013.1: Reboot complete
AT-0013.1: set_parameters: ({})
AT-0013.1: Simstate Close to startup location: dist=0.000000 max=1.000000 (simstate: lat=-35.362938,lon=149.165085,alt=0.0 start-loc: lat=-35.362938,lon=149.165085,alt=584.0)
AT-0013.1: AP: RC7: SaveWaypoint MIDDLE
AT-0013.1: Drained 4 messages from mav (25614.070229/s)
AT-0013.2: set_parameters: ({})
AT-0013.2: Drained 0 messages from mav (0.000000/s)
AT-0013.2: PASSED: "TestObserverEKFOperation (Test AP_Observer EKF operates correctly during flight)"
AT-0013.2: Received (MISSION_ACK {target_system : 250, target_component : 250, type : 0, mission_type : 1})
AT-0013.2: MISSION_ACK.target_system has expected value 250
AT-0013.2: MISSION_ACK.target_component has expected value 250
AT-0013.2: MISSION_ACK.type has expected value 0 (MAV_MISSION_ACCEPTED)
AT-0013.2: AP: Fence Indexed OK
AT-0013.2: Received (MISSION_ACK {target_system : 250, target_component : 250, type : 0, mission_type : 0})
AT-0013.2: MISSION_ACK.target_system has expected value 250
AT-0013.2: MISSION_ACK.target_component has expected value 250
AT-0013.2: MISSION_ACK.type has expected value 0 (MAV_MISSION_ACCEPTED)
AT-0013.2: AP: Flight plan received
AT-0013.2: Received (MISSION_ACK {target_system : 250, target_component : 250, type : 0, mission_type : 2})
AT-0013.2: MISSION_ACK.target_system has expected value 250
AT-0013.2: MISSION_ACK.target_component has expected value 250
AT-0013.2: MISSION_ACK.type has expected value 0 (MAV_MISSION_ACCEPTED)
AT-0013.2: Joining RC thread
AT-0013.2: Stopping SITL
AT-0013.3: Failing tests:
  TestObserverParameters (Test AP_Observer parameter defaults and set/get) (Failed to retrieve parameter (OBS_EKF_EN_GAT)) (see /home/umemoto/buildlogs/ArduCopter-TestObserverParameters.txt) (duration 1.1709299087524414 s)
>>>> FAILED STEP: test.CopterObserver at Tue May 12 00:53:37 2026
Failure Summary:
  test.CopterObserver:
    TestObserverParameters (Test AP_Observer parameter defaults and set/get) (Failed to retrieve parameter (OBS_EKF_EN_GAT)) (see /home/umemoto/buildlogs/ArduCopter-TestObserverParameters.txt) (duration 1.1709299087524414 s)
FAILED 1 tests: ['test.CopterObserver']
