Waf: Entering directory `/home/memoto/Ardupilot-UmemotoLab/build/sitl'
Embedding file locations.txt:Tools/autotest/locations.txt
Embedding file models/Callisto.json:Tools/autotest/models/Callisto.json
Embedding file models/freestyle.json:Tools/autotest/models/freestyle.json
Embedding file models/plane-3d.parm:Tools/autotest/models/plane-3d.parm
Embedding file models/plane.parm:Tools/autotest/models/plane.parm
Embedding file models/skywalker_2013.json:Tools/autotest/models/skywalker_2013.json
Embedding file models/xplane_heli.json:Tools/autotest/models/xplane_heli.json
Embedding file models/xplane_plane.json:Tools/autotest/models/xplane_plane.json
[11/12] Creating build/sitl/ap_version.h
Generating compile_commands.json
Build commands will be stored in build/sitl/compile_commands.json
Generating compile_commands.json
Build commands will be stored in build/sitl/compile_commands.json
[  23/1317] Compiling libraries/AC_AttitudeControl/AC_AttitudeControl.cpp
[ 389/1317] Compiling libraries/AP_Logger/LoggerMessageWriter.cpp
[ 623/1317] Compiling libraries/AP_Observer/AP_Observer.cpp
[ 862/1317] Compiling libraries/GCS_MAVLink/GCS_Common.cpp
[ 950/1317] Compiling libraries/AP_HAL_SITL/SITL_cmdline.cpp
[ 985/1317] Compiling libraries/SITL/SIM_AIS.cpp
[1314/1317] Compiling libraries/AP_Observer/examples/RLS_CSV_Replay/RLS_CSV_Replay.cpp
[1315/1317] Linking build/sitl/lib/libap.a
[1316/1317] Linking build/sitl/examples/RLS_CSV_Replay
[1317/1317] checking symbols build/sitl/examples/RLS_CSV_Replay
Waf: Leaving directory `/home/memoto/Ardupilot-UmemotoLab/build/sitl'

BUILD SUMMARY
Build directory: /home/memoto/Ardupilot-UmemotoLab/build/sitl
Target                   Text (B)  Data (B)  BSS (B)  Total Flash Used (B)  Free Flash (B)  External Flash Used (B)
-------------------------------------------------------------------------------------------------------------------
examples/RLS_CSV_Replay   1370619     37233   191120               1407852  Not Applicable  Not Applicable         

'build' finished successfully (3.726s)
