Setting top to                           : /home/memoto/Ardupilot-UmemotoLab 
Setting out to                           : /home/memoto/Ardupilot-UmemotoLab/build 
Autoconfiguration                        : enabled 
Checking for program 'python'            : /home/memoto/Ardupilot-UmemotoLab/venv/bin/python3 
Checking for python version >= 3.6.9     : 3.12.3 
Setting board to                         : sitl 
Using toolchain                          : native 
Checking for 'g++' (C++ compiler)        : /usr/lib/ccache/g++ 
Checking for 'gcc' (C compiler)          : /usr/lib/ccache/gcc 
Checking for c flags '-MMD'              : yes 
Checking for cxx flags '-MMD'            : yes 
CXX Compiler                             : g++ 13.3.0 
Checking for need to link with librt     : not necessary 
Checking for feenableexcept              : yes 
Enabling -Werror                         : no 
Enabled OpenDroneID                      : no 
Enabled firmware ID checking             : no 
GPS Debug Logging                        : no 
Enabled custom controller                : yes 
Checking for HAVE_CMATH_ISFINITE         : yes 
Checking for HAVE_CMATH_ISINF            : yes 
Checking for HAVE_CMATH_ISNAN            : yes 
Checking for NEED_CMATH_ISFINITE_STD_NAMESPACE : yes 
Checking for NEED_CMATH_ISINF_STD_NAMESPACE    : yes 
Checking for NEED_CMATH_ISNAN_STD_NAMESPACE    : yes 
Checking for header endian.h                   : yes 
Checking for header byteswap.h                 : yes 
Checking for HAVE_MEMRCHR                      : yes 
Configured VSCode Intellisense:                : no 
DC_DSDL compiler in                            : /home/memoto/Ardupilot-UmemotoLab/modules/DroneCAN/dronecan_dsdlc 
Source is git repository                       : yes 
Update submodules                              : yes 
Checking for program 'git'                     : /usr/bin/git 
Littlefs                                       : disabled 
Checking for program 'size'                    : /usr/bin/size 
Benchmarks                                     : disabled 
Unit tests                                     : enabled 
Scripting                                      : maybe 
Scripting runtime checks                       : enabled 
Debug build                                    : enabled 
VS Code launch                                 : disabled 
Coverage build                                 : disabled 
Force 32-bit build                             : disabled 
Checking for program 'rsync'                   : /usr/bin/rsync 
Removing target_list file /home/memoto/Ardupilot-UmemotoLab/build/sitl/target_list
Waf: Entering directory `/home/memoto/Ardupilot-UmemotoLab/build/sitl'
Embedding file locations.txt:Tools/autotest/locations.txt
Embedding file models/Callisto.json:Tools/autotest/models/Callisto.json
Embedding file models/freestyle.json:Tools/autotest/models/freestyle.json
Embedding file models/plane-3d.parm:Tools/autotest/models/plane-3d.parm
Embedding file models/plane.parm:Tools/autotest/models/plane.parm
Embedding file models/skywalker_2013.json:Tools/autotest/models/skywalker_2013.json
Embedding file models/xplane_heli.json:Tools/autotest/models/xplane_heli.json
Embedding file models/xplane_plane.json:Tools/autotest/models/xplane_plane.json
[11/12] Creating build/sitl/ap_version.h
No target_list file found, creating
Generating compile_commands.json
Build commands will be stored in build/sitl/compile_commands.json
Generating compile_commands.json
Build commands will be stored in build/sitl/compile_commands.json
[  14/1317] Compiling libraries/AC_AttitudeControl/AC_AttitudeControl_Multi.cpp
[  15/1317] Compiling libraries/AC_AttitudeControl/AC_AttitudeControl_Heli.cpp
[  16/1317] Compiling libraries/AC_AttitudeControl/AC_AttitudeControl_TS.cpp
[  17/1317] Compiling libraries/AC_AttitudeControl/AC_AttitudeControl_Sub.cpp
[  18/1317] Compiling libraries/AC_AttitudeControl/AC_AttitudeControl_Logging.cpp
[  19/1317] Compiling libraries/AC_AttitudeControl/AC_PosControl_Logging.cpp
[  20/1317] Compiling libraries/AC_AttitudeControl/AC_AttitudeControl_Multi_6DoF.cpp
[  21/1317] Compiling libraries/AC_AttitudeControl/AC_WeatherVane.cpp
[  22/1317] Compiling libraries/AC_AttitudeControl/AC_PosControl.cpp
[  23/1317] Compiling libraries/AC_AttitudeControl/AC_AttitudeControl.cpp
[  24/1317] Compiling libraries/AC_AutoTune/AC_AutoTune_Multi.cpp
[  25/1317] Compiling libraries/AC_AutoTune/AC_AutoTune_Heli.cpp
[  27/1317] Compiling libraries/AC_AutoTune/AC_AutoTune.cpp
[  29/1317] Compiling libraries/AC_Autorotation/AC_Autorotation.cpp
[  33/1317] Compiling libraries/AC_Avoidance/AC_Avoidance_Logging.cpp
[  34/1317] Compiling libraries/AC_Avoidance/AP_OADatabase.cpp
[  35/1317] Compiling libraries/AC_Avoidance/AP_OABendyRuler.cpp
[  36/1317] Compiling libraries/AC_Avoidance/AC_Avoid.cpp
[  37/1317] Compiling libraries/AC_CustomControl/AC_CustomControl_PID.cpp
[  38/1317] Compiling libraries/AC_CustomControl/AC_CustomControl_Empty.cpp
[  39/1317] Compiling libraries/AC_CustomControl/AC_CustomControl.cpp
[  40/1317] Compiling libraries/AC_Fence/AC_PolyFence_loader.cpp
[  41/1317] Compiling libraries/AC_Fence/AC_Fence.cpp
[  59/1317] Compiling libraries/AC_PrecLand/AC_PrecLand.cpp
[  61/1317] Compiling libraries/AC_WPNav/AC_WPNav_OA.cpp
[  62/1317] Compiling libraries/AC_WPNav/AC_WPNav.cpp
[  63/1317] Compiling libraries/AC_WPNav/AC_Circle.cpp
[  64/1317] Compiling libraries/AC_WPNav/AC_Loiter.cpp
[  65/1317] Compiling libraries/APM_Control/AR_PosControl.cpp
[  66/1317] Compiling libraries/APM_Control/AR_AttitudeControl.cpp
[  67/1317] Compiling libraries/APM_Control/AP_YawController.cpp
[  68/1317] Compiling libraries/APM_Control/AP_SteerController.cpp
[  69/1317] Compiling libraries/APM_Control/AP_RollController.cpp
[  70/1317] Compiling libraries/APM_Control/AP_PitchController.cpp
[  71/1317] Compiling libraries/APM_Control/AP_FW_Controller.cpp
[  72/1317] Compiling libraries/APM_Control/AP_AutoTune.cpp
[  78/1317] Compiling libraries/AP_ADSB/AP_ADSB_Sagetech_MXS.cpp
[  79/1317] Compiling libraries/AP_ADSB/AP_ADSB.cpp
[  82/1317] Compiling libraries/AP_AHRS/AP_AHRS_Logging.cpp
[  84/1317] Compiling libraries/AP_AHRS/AP_AHRS_DCM.cpp
[  85/1317] Compiling libraries/AP_AHRS/AP_AHRS_Backend.cpp
[  86/1317] Compiling libraries/AP_AHRS/AP_AHRS.cpp
[  87/1317] Compiling libraries/AP_AIS/AP_AIS.cpp
[  90/1317] Compiling libraries/AP_AdvancedFailsafe/AP_AdvancedFailsafe.cpp
[ 105/1317] Compiling libraries/AP_Airspeed/AP_Airspeed_Params.cpp
[ 106/1317] Compiling libraries/AP_Airspeed/AP_Airspeed_NMEA.cpp
[ 107/1317] Compiling libraries/AP_Airspeed/AP_Airspeed.cpp
[ 108/1317] Compiling libraries/AP_Arming/AP_Arming.cpp
[ 109/1317] Compiling libraries/AP_Avoidance/AP_Avoidance.cpp
[ 132/1317] Compiling libraries/AP_BLHeli/AP_BLHeli.cpp
[ 133/1317] Compiling libraries/AP_Baro/AP_Baro_SITL.cpp
[ 277/1317] Compiling libraries/AP_Baro/AP_Baro.cpp
[ 343/1317] Compiling libraries/AP_BattMonitor/AP_BattMonitor_Params.cpp
[ 371/1317] Compiling libraries/AP_BattMonitor/AP_BattMonitor.cpp
[ 382/1317] Compiling libraries/AP_BoardConfig/AP_BoardConfig.cpp
[ 399/1317] Compiling libraries/AP_Button/AP_Button.cpp
[ 511/1317] Compiling libraries/AP_Camera/AP_Camera.cpp
[ 512/1317] Compiling libraries/AP_Camera/AP_RunCam.cpp
[ 527/1317] Compiling libraries/AP_Compass/Compass_learn.cpp
[ 537/1317] Compiling libraries/AP_DAC/AP_DAC.cpp
[ 547/1317] Compiling libraries/AP_DAC/AP_DAC_MCP40D1x.cpp
[ 550/1317] Compiling libraries/AP_DAC/AP_DAC_Params.cpp
[ 574/1317] Compiling libraries/AP_DAC/AP_DAC_TIx3204.cpp
[ 599/1317] Compiling libraries/AP_DAL/AP_DAL.cpp
[ 601/1317] Compiling libraries/AP_DAL/AP_DAL_Beacon.cpp
[ 602/1317] Compiling libraries/AP_DAL/AP_DAL_RangeFinder.cpp
[ 650/1317] Compiling libraries/AP_DAL/AP_DAL_VisualOdom.cpp
[ 654/1317] Compiling libraries/AP_DroneCAN/AP_DroneCAN.cpp
[ 656/1317] Compiling libraries/AP_EFI/AP_EFI_Loweheiser.cpp
[ 674/1317] Compiling libraries/AP_EFI/AP_EFI_Serial_Hirth.cpp
[ 675/1317] Compiling libraries/AP_ESC_Telem/AP_ESC_Telem_Backend.cpp
[ 676/1317] Compiling libraries/AP_ExternalAHRS/AP_ExternalAHRS_InertialLabs.cpp
[ 677/1317] Compiling libraries/AP_Filesystem/AP_Filesystem_posix.cpp
[ 678/1317] Compiling libraries/AP_FlashIface/AP_FlashIface_JEDEC.cpp
[ 681/1317] Compiling libraries/AP_Follow/AP_Follow.cpp
[ 684/1317] Compiling libraries/AP_Frsky_Telem/AP_Frsky_MAVliteMsgHandler.cpp
[ 688/1317] Compiling libraries/AP_Frsky_Telem/AP_Frsky_Telem.cpp
[ 689/1317] Compiling libraries/AP_Frsky_Telem/AP_Frsky_SPort_Passthrough.cpp
[ 690/1317] Compiling libraries/AP_Generator/AP_Generator.cpp
[ 691/1317] Compiling libraries/AP_Generator/AP_Generator_Loweheiser.cpp
[ 693/1317] Compiling libraries/AP_Generator/AP_Generator_RichenPower.cpp
[ 694/1317] Compiling libraries/AP_GyroFFT/AP_GyroFFT.cpp
[ 695/1317] Compiling libraries/AP_IBus_Telem/AP_IBus_Telem.cpp
[ 696/1317] Compiling libraries/AP_ICEngine/AP_ICEngine_TCA9554.cpp
[ 698/1317] Compiling libraries/AP_ICEngine/AP_ICEngine.cpp
[ 701/1317] Compiling libraries/AP_InertialSensor/AP_InertialSensor.cpp
[ 702/1317] Compiling libraries/AP_InertialSensor/AP_InertialSensor_Backend.cpp
[ 703/1317] Compiling libraries/AP_InertialSensor/AP_InertialSensor_Invensensev3.cpp
[ 705/1317] Compiling libraries/AP_InertialSensor/FastRateBuffer.cpp
[ 706/1317] Compiling libraries/AP_JSButton/AP_JSButton.cpp
[ 707/1317] Compiling libraries/AP_L1_Control/AP_L1_Control.cpp
[ 708/1317] Compiling libraries/AP_Landing/AP_Landing.cpp
[ 710/1317] Compiling libraries/AP_Landing/AP_Landing_Deepstall.cpp
[ 711/1317] Compiling libraries/AP_Landing/AP_Landing_Slope.cpp
[ 712/1317] Compiling libraries/AP_LandingGear/AP_LandingGear.cpp
[ 713/1317] Compiling libraries/AP_LeakDetector/AP_LeakDetector.cpp
[ 715/1317] Compiling libraries/AP_LeakDetector/AP_LeakDetector_Analog.cpp
[ 716/1317] Compiling libraries/AP_LeakDetector/AP_LeakDetector_Backend.cpp
[ 718/1317] Compiling libraries/AP_LeakDetector/AP_LeakDetector_Digital.cpp
[ 719/1317] Compiling libraries/AP_Logger/LogFile.cpp
[ 720/1317] Compiling libraries/AP_Logger/AP_Logger.cpp
[ 735/1317] Compiling libraries/AP_Logger/AP_Logger_Backend.cpp
[ 736/1317] Compiling libraries/AP_Logger/AP_Logger_File.cpp
[ 741/1317] Compiling libraries/AP_Logger/LoggerMessageWriter.cpp
[ 743/1317] Compiling libraries/AP_MSP/AP_MSP.cpp
[ 747/1317] Compiling libraries/AP_MSP/AP_MSP_Telem_Backend.cpp
[ 748/1317] Compiling libraries/AP_MSP/AP_MSP_Telem_DJI.cpp
[ 749/1317] Compiling libraries/AP_MSP/AP_MSP_Telem_DisplayPort.cpp
[ 750/1317] Compiling libraries/AP_MSP/AP_MSP_Telem_Generic.cpp
[ 751/1317] Compiling libraries/AP_Math/SCurve.cpp
[ 752/1317] Compiling libraries/AP_Menu/AP_Menu.cpp
[ 753/1317] Compiling libraries/AP_Mission/AP_Mission_Commands.cpp
[ 754/1317] Compiling libraries/AP_Mission/AP_Mission.cpp
[ 755/1317] Compiling libraries/AP_Motors/AP_MotorsHeli_Single.cpp
[ 756/1317] Compiling libraries/AP_Motors/AP_MotorsMatrix_6DoF_Scripting.cpp
[ 757/1317] Compiling libraries/AP_Motors/AP_MotorsMatrix_Scripting_Dynamic.cpp
[ 758/1317] Compiling libraries/AP_Motors/AP_Motors6DOF.cpp
[ 759/1317] Compiling libraries/AP_Motors/AP_MotorsHeli.cpp
[ 760/1317] Compiling libraries/AP_Motors/AP_MotorsHeli_Dual.cpp
[ 761/1317] Compiling libraries/AP_Motors/AP_MotorsHeli_Quad.cpp
[ 762/1317] Compiling libraries/AP_Motors/AP_MotorsHeli_RSC.cpp
[ 763/1317] Compiling libraries/AP_Motors/AP_MotorsMatrix.cpp
[ 764/1317] Compiling libraries/AP_Motors/AP_MotorsMulticopter.cpp
[ 765/1317] Compiling libraries/AP_Motors/AP_MotorsTri.cpp
[ 766/1317] Compiling libraries/AP_Motors/AP_Motors_Thrust_Linearization.cpp
[ 767/1317] Compiling libraries/AP_Mount/AP_Mount_Topotek.cpp
[ 768/1317] Compiling libraries/AP_Mount/AP_Mount.cpp
[ 769/1317] Compiling libraries/AP_Mount/AP_Mount_Alexmos.cpp
[ 770/1317] Compiling libraries/AP_Mount/AP_Mount_Backend.cpp
[ 772/1317] Compiling libraries/AP_Mount/AP_Mount_Backend_Serial.cpp
[ 774/1317] Compiling libraries/AP_Mount/AP_Mount_CADDX.cpp
[ 775/1317] Compiling libraries/AP_Mount/AP_Mount_Gremsy.cpp
[ 776/1317] Compiling libraries/AP_Mount/AP_Mount_SToRM32.cpp
[ 777/1317] Compiling libraries/AP_Mount/AP_Mount_SToRM32_serial.cpp
[ 778/1317] Compiling libraries/AP_Mount/AP_Mount_Scripting.cpp
[ 779/1317] Compiling libraries/AP_Mount/AP_Mount_Servo.cpp
[ 780/1317] Compiling libraries/AP_Mount/AP_Mount_Siyi.cpp
[ 783/1317] Compiling libraries/AP_Mount/AP_Mount_SoloGimbal.cpp
[ 784/1317] Compiling libraries/AP_Mount/AP_Mount_Viewpro.cpp
[ 786/1317] Compiling libraries/AP_Mount/AP_Mount_XFRobot.cpp
[ 787/1317] Compiling libraries/AP_Mount/AP_Mount_Xacti.cpp
[ 788/1317] Compiling libraries/AP_NavEKF2/AP_NavEKF2_OptFlowFusion.cpp
[ 791/1317] Compiling libraries/AP_NavEKF2/AP_NavEKF2.cpp
[ 792/1317] Compiling libraries/AP_NavEKF3/AP_NavEKF3_AirDataFusion.cpp
[ 794/1317] Compiling libraries/AP_NavEKF3/AP_NavEKF3_Control.cpp
[ 795/1317] Compiling libraries/AP_NavEKF3/AP_NavEKF3_GyroBias.cpp
[ 797/1317] Compiling libraries/AP_NavEKF3/AP_NavEKF3_Logging.cpp
[ 798/1317] Compiling libraries/AP_NavEKF3/AP_NavEKF3_MagFusion.cpp
[ 799/1317] Compiling libraries/AP_NavEKF3/AP_NavEKF3_Measurements.cpp
[ 800/1317] Compiling libraries/AP_NavEKF3/AP_NavEKF3_OptFlowFusion.cpp
[ 802/1317] Compiling libraries/AP_NavEKF3/AP_NavEKF3_core.cpp
[ 805/1317] Compiling libraries/AP_NavEKF3/AP_NavEKF3_PosVelFusion.cpp
[ 808/1317] Compiling libraries/AP_NavEKF3/AP_NavEKF3_RngBcnFusion.cpp
[ 809/1317] Compiling libraries/AP_NavEKF3/AP_NavEKF3_VehicleStatus.cpp
[ 812/1317] Compiling libraries/AP_NavEKF3/AP_NavEKF3.cpp
[ 813/1317] Compiling libraries/AP_NavEKF3/AP_NavEKF3_Outputs.cpp
[ 815/1317] Compiling libraries/AP_ONVIF/AP_ONVIF.cpp
[ 817/1317] Compiling libraries/AP_ONVIF/base64.cpp
[ 818/1317] Compiling libraries/AP_ONVIF/sha1.cpp
[ 820/1317] Compiling libraries/AP_OSD/AP_OSD_MSP_DisplayPort.cpp
[ 823/1317] Compiling libraries/AP_OSD/AP_OSD.cpp
[ 824/1317] Compiling libraries/AP_OSD/AP_OSD_Backend.cpp
[ 825/1317] Compiling libraries/AP_OSD/AP_OSD_Setting.cpp
[ 831/1317] Compiling libraries/AP_OSD/AP_OSD_MSP.cpp
[ 832/1317] Compiling libraries/AP_OSD/AP_OSD_MAX7456.cpp
[ 834/1317] Compiling libraries/AP_OSD/AP_OSD_ParamSetting.cpp
[ 835/1317] Compiling libraries/AP_OSD/AP_OSD_Screen.cpp
[ 836/1317] Compiling libraries/AP_OSD/AP_OSD_ParamScreen.cpp
[ 838/1317] Compiling libraries/AP_Observer/AP_Observer.cpp
[ 840/1317] Compiling libraries/AP_OpenDroneID/AP_OpenDroneID.cpp
[ 841/1317] Compiling libraries/AP_Parachute/AP_Parachute.cpp
[ 843/1317] Compiling libraries/AP_Proximity/AP_Proximity_Utils.cpp
[ 844/1317] Compiling libraries/AP_Quicktune/AP_Quicktune.cpp
[ 845/1317] Compiling libraries/AP_RCProtocol/AP_RCProtocol_Backend.cpp
[ 846/1317] Compiling libraries/AP_RCProtocol/AP_RCProtocol_FPort2.cpp
[ 847/1317] Compiling libraries/AP_RCProtocol/AP_RCProtocol_SRXL2.cpp
[ 849/1317] Compiling libraries/AP_RCProtocol/AP_RCProtocol_UDP.cpp
[ 850/1317] Compiling libraries/AP_RCProtocol/AP_RCProtocol_CRSF.cpp
[ 851/1317] Compiling libraries/AP_RCProtocol/AP_RCProtocol_GHST.cpp
[ 852/1317] Compiling libraries/AP_RCProtocol/AP_RCProtocol.cpp
[ 853/1317] Compiling libraries/AP_RCProtocol/AP_RCProtocol_FPort.cpp
[ 855/1317] Compiling libraries/AP_RCTelemetry/AP_GHST_Telem.cpp
[ 857/1317] Compiling libraries/AP_RCTelemetry/AP_RCTelemetry.cpp
[ 882/1317] Compiling libraries/AP_RCTelemetry/AP_CRSF_Telem.cpp
[ 889/1317] Compiling libraries/AP_RSSI/AP_RSSI.cpp
[ 902/1317] Compiling libraries/AP_Rally/AP_Rally.cpp
[ 913/1317] Compiling libraries/AP_Relay/AP_Relay.cpp
[ 914/1317] Compiling libraries/AP_Scheduler/AP_Scheduler.cpp
[ 928/1317] Compiling libraries/AP_SerialManager/AP_SerialManager.cpp
[ 988/1317] Compiling libraries/AP_ServoRelayEvents/AP_ServoRelayEvents.cpp
[ 999/1317] Compiling libraries/AP_Soaring/Variometer.cpp
[1034/1317] Compiling libraries/AP_Soaring/AP_Soaring.cpp
[1045/1317] Compiling libraries/AP_Soaring/SpeedToFly.cpp
[1084/1317] Compiling libraries/AP_Soaring/ExtendedKalmanFilter.cpp
[1085/1317] Compiling libraries/AP_TECS/AP_TECS.cpp
[1086/1317] Compiling libraries/AP_TemperatureSensor/AP_TemperatureSensor.cpp
[1087/1317] Compiling libraries/AP_Terrain/AP_Terrain.cpp
[1088/1317] Compiling libraries/AP_Tuning/AP_Tuning.cpp
[1089/1317] Compiling libraries/AP_Vehicle/Parameters.cpp
[1090/1317] Compiling libraries/AP_Vehicle/AP_Vehicle.cpp
[1091/1317] Compiling libraries/AP_VideoTX/AP_VideoTX.cpp
[1092/1317] Compiling libraries/AP_VideoTX/AP_Tramp.cpp
[1093/1317] Compiling libraries/AP_Winch/AP_Winch_Backend.cpp
[1094/1317] Compiling libraries/AP_WindVane/AP_WindVane_Backend.cpp
[1095/1317] Compiling libraries/AP_WindVane/AP_WindVane_Analog.cpp
[1096/1317] Compiling libraries/AP_WindVane/AP_WindVane_NMEA.cpp
[1097/1317] Compiling libraries/AP_WindVane/AP_WindVane_Home.cpp
[1098/1317] Compiling libraries/AP_WindVane/AP_WindVane_ModernDevice.cpp
[1099/1317] Compiling libraries/AP_WindVane/AP_WindVane.cpp
[1100/1317] Compiling libraries/AP_WindVane/AP_WindVane_Airspeed.cpp
[1101/1317] Compiling libraries/AP_WindVane/AP_WindVane_SITL.cpp
[1102/1317] Compiling libraries/AP_WindVane/AP_WindVane_RPM.cpp
[1103/1317] Compiling libraries/AR_Motors/AP_MotorsUGV.cpp
[1104/1317] Compiling libraries/AR_WPNav/AR_WPNav.cpp
[1105/1317] Compiling libraries/AR_WPNav/AR_PivotTurn.cpp
[1106/1317] Compiling libraries/AR_WPNav/AR_WPNav_OA.cpp
[1107/1317] Compiling libraries/Filter/HarmonicNotchFilter.cpp
[1108/1317] Compiling libraries/GCS_MAVLink/GCS_Common.cpp
[1109/1317] Compiling libraries/GCS_MAVLink/GCS.cpp
[1110/1317] Compiling libraries/GCS_MAVLink/GCS_Dummy.cpp
[1111/1317] Compiling libraries/GCS_MAVLink/GCS_Fence.cpp
[1112/1317] Compiling libraries/GCS_MAVLink/GCS_MAVLink_Parameters.cpp
[1113/1317] Compiling libraries/PID/PID.cpp
[1114/1317] Compiling libraries/RC_Channel/RC_Channels.cpp
[1115/1317] Compiling libraries/RC_Channel/RC_Channel.cpp
[1116/1317] Compiling libraries/SRV_Channel/SRV_Channel_aux.cpp
[1117/1317] Compiling libraries/StorageManager/StorageManager.cpp
[1118/1317] Compiling libraries/AP_HAL/SIMState.cpp
[1119/1317] Compiling libraries/AP_HAL_SITL/Storage.cpp
[1120/1317] Compiling libraries/AP_HAL_SITL/SITL_cmdline.cpp
[1121/1317] Compiling libraries/AP_HAL_SITL/UARTDriver.cpp
[1122/1317] Compiling libraries/SITL/SIM_Motor.cpp
[1123/1317] Compiling libraries/SITL/SIM_Submarine.cpp
[1124/1317] Compiling libraries/SITL/SIM_SingleCopter.cpp
[1125/1317] Compiling libraries/SITL/SIM_Multicopter.cpp
[1126/1317] Compiling libraries/SITL/SIM_Frame.cpp
[1127/1317] Compiling libraries/SITL/SIM_AIS.cpp
[1128/1317] Compiling libraries/SITL/SIM_StratoBlimp.cpp
[1129/1317] Compiling libraries/SITL/SITL.cpp
[1130/1317] Compiling libraries/SITL/SIM_XPlane.cpp
[1131/1317] Compiling libraries/SITL/SIM_Aircraft.cpp
[1132/1317] Compiling libraries/SITL/SIM_DroneCANDevice.cpp
[1133/1317] Compiling libraries/AP_Scripting/AP_Scripting.cpp
[1134/1317] Compiling libraries/AP_Scripting/lua_scripts.cpp
[1135/1317] Compiling build/sitl/libraries/AP_Scripting/lua_generated_bindings.cpp
[1136/1317] Compiling libraries/AP_Scripting/lua_bindings.cpp
[1137/1317] Compiling libraries/AP_Scripting/AP_Scripting_CRSFMenu.cpp
[1138/1317] Compiling libraries/AP_Scripting/AP_Scripting_helpers.cpp
[1139/1317] Compiling libraries/AP_Scripting/lua_boxed_numerics.cpp
[1140/1317] Compiling build/sitl/modules/DroneCAN/libcanard/dsdlc_generated/src/ardupilot.equipment.power.BatteryPeriodic.c
[1141/1317] Compiling build/sitl/modules/DroneCAN/libcanard/dsdlc_generated/src/uavcan.protocol.file.BeginFirmwareUpdate_req.c
[1142/1317] Compiling build/sitl/modules/DroneCAN/libcanard/dsdlc_generated/src/uavcan.navigation.GlobalNavigationSolution.c
[1143/1317] Compiling build/sitl/modules/DroneCAN/libcanard/dsdlc_generated/src/uavcan.equipment.esc.RawCommand.c
[1144/1317] Compiling build/sitl/modules/DroneCAN/libcanard/dsdlc_generated/src/uavcan.protocol.RestartNode_res.c
[1145/1317] Compiling build/sitl/modules/DroneCAN/libcanard/dsdlc_generated/src/uavcan.protocol.RestartNode_req.c
[1146/1317] Compiling build/sitl/modules/DroneCAN/libcanard/dsdlc_generated/src/uavcan.equipment.actuator.Command.c
[1147/1317] Compiling build/sitl/modules/DroneCAN/libcanard/dsdlc_generated/src/mppt.OutputEnable_res.c
[1148/1317] Compiling build/sitl/modules/DroneCAN/libcanard/dsdlc_generated/src/com.tmotor.esc.PUSHSCI.c
[1149/1317] Compiling build/sitl/modules/DroneCAN/libcanard/dsdlc_generated/src/uavcan.protocol.param.Empty.c
[1150/1317] Compiling build/sitl/modules/DroneCAN/libcanard/dsdlc_generated/src/com.hobbywing.esc.StatusMsg1.c
[1151/1317] Compiling build/sitl/modules/DroneCAN/libcanard/dsdlc_generated/src/uavcan.protocol.Panic.c
[1152/1317] Compiling build/sitl/modules/DroneCAN/libcanard/dsdlc_generated/src/uavcan.protocol.param.NumericValue.c
[1153/1317] Compiling build/sitl/modules/DroneCAN/libcanard/dsdlc_generated/src/com.hobbywing.esc.StatusMsg3.c
[1154/1317] Compiling build/sitl/modules/DroneCAN/libcanard/dsdlc_generated/src/uavcan.equipment.indication.BeepCommand.c
[1155/1317] Compiling build/sitl/modules/DroneCAN/libcanard/dsdlc_generated/src/com.tmotor.esc.ParamCfg.c
[1156/1317] Compiling build/sitl/modules/DroneCAN/libcanard/dsdlc_generated/src/com.hobbywing.esc.StatusMsg2.c
[1157/1317] Compiling build/sitl/modules/DroneCAN/libcanard/dsdlc_generated/src/com.hobbywing.esc.GetMaintenanceInformation_res.c
[1158/1317] Compiling build/sitl/modules/DroneCAN/libcanard/dsdlc_generated/src/com.tmotor.esc.ParamGet.c
[1159/1317] Compiling build/sitl/modules/DroneCAN/libcanard/dsdlc_generated/src/com.hobbywing.esc.SetAngle_req.c
[1160/1317] Compiling build/sitl/modules/DroneCAN/libcanard/dsdlc_generated/src/uavcan.protocol.dynamic_node_id.server.AppendEntries_req.c
[1161/1317] Compiling build/sitl/modules/DroneCAN/libcanard/dsdlc_generated/src/uavcan.equipment.air_data.IndicatedAirspeed.c
[1162/1317] Compiling build/sitl/modules/DroneCAN/libcanard/dsdlc_generated/src/dronecan.remoteid.SecureCommand_res.c
[1163/1317] Compiling build/sitl/modules/DroneCAN/libcanard/dsdlc_generated/src/uavcan.tunnel.Call_res.c
[1164/1317] Compiling build/sitl/modules/DroneCAN/libcanard/dsdlc_generated/src/uavcan.protocol.DataTypeKind.c
[1165/1317] Compiling build/sitl/modules/DroneCAN/libcanard/dsdlc_generated/src/uavcan.equipment.range_sensor.Measurement.c
[1166/1317] Compiling build/sitl/modules/DroneCAN/libcanard/dsdlc_generated/src/com.xacti.GnssStatus.c
[1167/1317] Compiling build/sitl/modules/DroneCAN/libcanard/dsdlc_generated/src/uavcan.tunnel.Protocol.c
[1168/1317] Compiling build/sitl/modules/DroneCAN/libcanard/dsdlc_generated/src/com.hobbywing.esc.SetReportingFrequency_res.c
[1169/1317] Compiling build/sitl/modules/DroneCAN/libcanard/dsdlc_generated/src/com.hex.equipment.flow.Measurement.c
[1170/1317] Compiling build/sitl/modules/DroneCAN/libcanard/dsdlc_generated/src/uavcan.protocol.NodeStatus.c
[1171/1317] Compiling build/sitl/modules/DroneCAN/libcanard/dsdlc_generated/src/dronecan.sensors.hygrometer.Hygrometer.c
[1172/1317] Compiling build/sitl/modules/DroneCAN/libcanard/dsdlc_generated/src/com.hobbywing.esc.SetReportingFrequency_req.c
[1173/1317] Compiling build/sitl/modules/DroneCAN/libcanard/dsdlc_generated/src/dronecan.sensors.rpm.RPM.c
[1174/1317] Compiling build/sitl/modules/DroneCAN/libcanard/dsdlc_generated/src/com.hobbywing.esc.SetID_req.c
[1175/1317] Compiling build/sitl/modules/DroneCAN/libcanard/dsdlc_generated/src/com.hobbywing.esc.GetMaintenanceInformation_req.c
[1176/1317] Compiling build/sitl/modules/DroneCAN/libcanard/dsdlc_generated/src/uavcan.equipment.gnss.RTCMStream.c
[1177/1317] Compiling build/sitl/modules/DroneCAN/libcanard/dsdlc_generated/src/uavcan.equipment.air_data.StaticTemperature.c
[1178/1317] Compiling build/sitl/modules/DroneCAN/libcanard/dsdlc_generated/src/ardupilot.gnss.RelPosHeading.c
[1179/1317] Compiling build/sitl/modules/DroneCAN/libcanard/dsdlc_generated/src/ardupilot.equipment.power.BatteryInfoAux.c
[1180/1317] Compiling build/sitl/modules/DroneCAN/libcanard/dsdlc_generated/src/dronecan.sensors.magnetometer.MagneticFieldStrengthHiRes.c
[1181/1317] Compiling build/sitl/modules/DroneCAN/libcanard/dsdlc_generated/src/com.himark.servo.ServoCmd.c
[1182/1317] Compiling build/sitl/modules/DroneCAN/libcanard/dsdlc_generated/src/uavcan.protocol.HardwareVersion.c
[1183/1317] Compiling build/sitl/modules/DroneCAN/libcanard/dsdlc_generated/src/uavcan.protocol.dynamic_node_id.Allocation.c
[1184/1317] Compiling build/sitl/modules/DroneCAN/libcanard/dsdlc_generated/src/uavcan.protocol.param.GetSet_res.c
[1185/1317] Compiling build/sitl/modules/DroneCAN/libcanard/dsdlc_generated/src/dronecan.remoteid.Location.c
[1186/1317] Compiling build/sitl/modules/DroneCAN/libcanard/dsdlc_generated/src/com.xacti.GimbalControlData.c
[1187/1317] Compiling build/sitl/modules/DroneCAN/libcanard/dsdlc_generated/src/cuav.equipment.power.CBAT.c
[1188/1317] Compiling build/sitl/modules/DroneCAN/libcanard/dsdlc_generated/src/uavcan.protocol.enumeration.Indication.c
[1189/1317] Compiling build/sitl/modules/DroneCAN/libcanard/dsdlc_generated/src/uavcan.protocol.file.GetInfo_req.c
[1190/1317] Compiling build/sitl/modules/DroneCAN/libcanard/dsdlc_generated/src/com.tmotor.esc.FocCtrl.c
[1191/1317] Compiling build/sitl/modules/DroneCAN/libcanard/dsdlc_generated/src/dronecan.sensors.rc.RCInput.c
[1192/1317] Compiling build/sitl/modules/DroneCAN/libcanard/dsdlc_generated/src/uavcan.equipment.actuator.ArrayCommand.c
[1193/1317] Compiling build/sitl/modules/DroneCAN/libcanard/dsdlc_generated/src/uavcan.protocol.file.Delete_req.c
[1194/1317] Compiling build/sitl/modules/DroneCAN/libcanard/dsdlc_generated/src/uavcan.protocol.GlobalTimeSync.c
[1195/1317] Compiling build/sitl/modules/DroneCAN/libcanard/dsdlc_generated/src/com.hobbywing.esc.SetLED_req.c
[1196/1317] Compiling build/sitl/modules/DroneCAN/libcanard/dsdlc_generated/src/uavcan.equipment.indication.LightsCommand.c
[1197/1317] Compiling build/sitl/modules/DroneCAN/libcanard/dsdlc_generated/src/uavcan.equipment.esc.RPMCommand.c
[1198/1317] Compiling build/sitl/modules/DroneCAN/libcanard/dsdlc_generated/src/com.xacti.CopterAttStatus.c
[1199/1317] Compiling build/sitl/modules/DroneCAN/libcanard/dsdlc_generated/src/uavcan.protocol.AccessCommandShell_res.c
[1200/1317] Compiling build/sitl/modules/DroneCAN/libcanard/dsdlc_generated/src/uavcan.protocol.dynamic_node_id.server.RequestVote_req.c
[1201/1317] Compiling build/sitl/modules/DroneCAN/libcanard/dsdlc_generated/src/uavcan.tunnel.Broadcast.c
[1202/1317] Compiling build/sitl/modules/DroneCAN/libcanard/dsdlc_generated/src/uavcan.protocol.param.ExecuteOpcode_req.c
[1203/1317] Compiling build/sitl/modules/DroneCAN/libcanard/dsdlc_generated/src/uavcan.equipment.camera_gimbal.GEOPOICommand.c
[1204/1317] Compiling build/sitl/modules/DroneCAN/libcanard/dsdlc_generated/src/uavcan.equipment.air_data.StaticPressure.c
[1205/1317] Compiling build/sitl/modules/DroneCAN/libcanard/dsdlc_generated/src/ardupilot.indication.SafetyState.c
[1206/1317] Compiling build/sitl/modules/DroneCAN/libcanard/dsdlc_generated/src/uavcan.tunnel.Call_req.c
[1207/1317] Compiling build/sitl/modules/DroneCAN/libcanard/dsdlc_generated/src/ardupilot.gnss.MovingBaselineData.c
[1208/1317] Compiling build/sitl/modules/DroneCAN/libcanard/dsdlc_generated/src/dronecan.protocol.Stats.c
[1209/1317] Compiling build/sitl/modules/DroneCAN/libcanard/dsdlc_generated/src/uavcan.protocol.GetTransportStats_req.c
[1210/1317] Compiling build/sitl/modules/DroneCAN/libcanard/dsdlc_generated/src/uavcan.equipment.camera_gimbal.AngularCommand.c
[1211/1317] Compiling build/sitl/modules/DroneCAN/libcanard/dsdlc_generated/src/uavcan.protocol.GetTransportStats_res.c
[1212/1317] Compiling build/sitl/modules/DroneCAN/libcanard/dsdlc_generated/src/com.hobbywing.esc.SetAngle_res.c
[1213/1317] Compiling build/sitl/modules/DroneCAN/libcanard/dsdlc_generated/src/ardupilot.gnss.Status.c
[1214/1317] Compiling build/sitl/modules/DroneCAN/libcanard/dsdlc_generated/src/dronecan.remoteid.SecureCommand_req.c
[1215/1317] Compiling build/sitl/modules/DroneCAN/libcanard/dsdlc_generated/src/uavcan.protocol.file.Path.c
[1216/1317] Compiling build/sitl/modules/DroneCAN/libcanard/dsdlc_generated/src/com.hobbywing.esc.SetLED_res.c
[1217/1317] Compiling build/sitl/modules/DroneCAN/libcanard/dsdlc_generated/src/uavcan.protocol.debug.LogLevel.c
[1218/1317] Compiling build/sitl/modules/DroneCAN/libcanard/dsdlc_generated/src/dronecan.remoteid.BasicID.c
[1219/1317] Compiling build/sitl/modules/DroneCAN/libcanard/dsdlc_generated/src/com.hobbywing.esc.SetThrottleSource_req.c
[1220/1317] Compiling build/sitl/modules/DroneCAN/libcanard/dsdlc_generated/src/com.xacti.GimbalAttitudeStatus.c
[1221/1317] Compiling build/sitl/modules/DroneCAN/libcanard/dsdlc_generated/src/dronecan.remoteid.OperatorID.c
[1222/1317] Compiling build/sitl/modules/DroneCAN/libcanard/dsdlc_generated/src/ardupilot.indication.NotifyState.c
[1223/1317] Compiling build/sitl/modules/DroneCAN/libcanard/dsdlc_generated/src/uavcan.protocol.debug.LogMessage.c
[1224/1317] Compiling build/sitl/modules/DroneCAN/libcanard/dsdlc_generated/src/uavcan.equipment.ice.FuelTankStatus.c
[1225/1317] Compiling build/sitl/modules/DroneCAN/libcanard/dsdlc_generated/src/uavcan.tunnel.Targetted.c
[1226/1317] Compiling build/sitl/modules/DroneCAN/libcanard/dsdlc_generated/src/uavcan.protocol.dynamic_node_id.server.RequestVote_res.c
[1227/1317] Compiling build/sitl/modules/DroneCAN/libcanard/dsdlc_generated/src/uavcan.equipment.safety.ArmingStatus.c
[1228/1317] Compiling build/sitl/modules/DroneCAN/libcanard/dsdlc_generated/src/uavcan.protocol.dynamic_node_id.server.AppendEntries_res.c
[1229/1317] Compiling build/sitl/modules/DroneCAN/libcanard/dsdlc_generated/src/uavcan.equipment.esc.StatusExtended.c
[1230/1317] Compiling build/sitl/modules/DroneCAN/libcanard/dsdlc_generated/src/uavcan.equipment.ahrs.MagneticFieldStrength.c
[1231/1317] Compiling build/sitl/modules/DroneCAN/libcanard/dsdlc_generated/src/ardupilot.equipment.trafficmonitor.TrafficReport.c
[1232/1317] Compiling build/sitl/modules/DroneCAN/libcanard/dsdlc_generated/src/com.hobbywing.esc.SelfTest_res.c
[1233/1317] Compiling build/sitl/modules/DroneCAN/libcanard/dsdlc_generated/src/uavcan.equipment.power.PrimaryPowerSupplyStatus.c
[1234/1317] Compiling build/sitl/modules/DroneCAN/libcanard/dsdlc_generated/src/uavcan.equipment.ice.reciprocating.Status.c
[1235/1317] Compiling build/sitl/modules/DroneCAN/libcanard/dsdlc_generated/src/uavcan.protocol.GetNodeInfo_res.c
[1236/1317] Compiling build/sitl/modules/DroneCAN/libcanard/dsdlc_generated/src/com.himark.servo.ServoInfo.c
[1237/1317] Compiling build/sitl/modules/DroneCAN/libcanard/dsdlc_generated/src/uavcan.protocol.SoftwareVersion.c
[1238/1317] Compiling build/sitl/modules/DroneCAN/libcanard/dsdlc_generated/src/mppt.OutputEnable_req.c
[1239/1317] Compiling build/sitl/modules/DroneCAN/libcanard/dsdlc_generated/src/dronecan.remoteid.ArmStatus.c
[1240/1317] Compiling build/sitl/modules/DroneCAN/libcanard/dsdlc_generated/src/com.hobbywing.esc.SetID_res.c
[1241/1317] Compiling build/sitl/modules/DroneCAN/libcanard/dsdlc_generated/src/uavcan.Timestamp.c
[1242/1317] Compiling build/sitl/modules/DroneCAN/libcanard/dsdlc_generated/src/com.hobbywing.esc.GetEscID.c
[1243/1317] Compiling build/sitl/modules/DroneCAN/libcanard/dsdlc_generated/src/com.xacti.GnssStatusReq.c
[1244/1317] Compiling build/sitl/modules/DroneCAN/libcanard/dsdlc_generated/src/uavcan.protocol.AccessCommandShell_req.c
[1245/1317] Compiling build/sitl/modules/DroneCAN/libcanard/dsdlc_generated/src/uavcan.equipment.hardpoint.Command.c
[1246/1317] Compiling build/sitl/modules/DroneCAN/libcanard/dsdlc_generated/src/dronecan.remoteid.System.c
[1247/1317] Compiling build/sitl/modules/DroneCAN/libcanard/dsdlc_generated/src/uavcan.equipment.power.CircuitStatus.c
[1248/1317] Compiling build/sitl/modules/DroneCAN/libcanard/dsdlc_generated/src/uavcan.equipment.indication.SingleLightCommand.c
[1249/1317] Compiling build/sitl/modules/DroneCAN/libcanard/dsdlc_generated/src/ardupilot.equipment.power.BatteryCells.c
[1250/1317] Compiling build/sitl/modules/DroneCAN/libcanard/dsdlc_generated/src/com.hobbywing.esc.GetMajorConfig_req.c
[1251/1317] Compiling build/sitl/modules/DroneCAN/libcanard/dsdlc_generated/src/com.hobbywing.esc.SetBaud_req.c
[1252/1317] Compiling build/sitl/modules/DroneCAN/libcanard/dsdlc_generated/src/uavcan.equipment.power.BatteryInfo.c
[1253/1317] Compiling build/sitl/modules/DroneCAN/libcanard/dsdlc_generated/src/ardupilot.equipment.proximity_sensor.Proximity.c
[1254/1317] Compiling build/sitl/modules/DroneCAN/libcanard/dsdlc_generated/src/uavcan.protocol.file.Write_req.c
[1255/1317] Compiling build/sitl/modules/DroneCAN/libcanard/dsdlc_generated/src/uavcan.protocol.param.Value.c
[1256/1317] Compiling build/sitl/modules/DroneCAN/libcanard/dsdlc_generated/src/uavcan.equipment.gnss.Fix2.c
[1257/1317] Compiling build/sitl/modules/DroneCAN/libcanard/dsdlc_generated/src/ardupilot.gnss.Heading.c
[1258/1317] Compiling build/sitl/modules/DroneCAN/libcanard/dsdlc_generated/src/uavcan.protocol.file.GetDirectoryEntryInfo_req.c
[1259/1317] Compiling build/sitl/modules/DroneCAN/libcanard/dsdlc_generated/src/uavcan.equipment.air_data.AngleOfAttack.c
[1260/1317] Compiling build/sitl/modules/DroneCAN/libcanard/dsdlc_generated/src/uavcan.protocol.CANIfaceStats.c
[1261/1317] Compiling build/sitl/modules/DroneCAN/libcanard/dsdlc_generated/src/uavcan.protocol.file.Write_res.c
[1262/1317] Compiling build/sitl/modules/DroneCAN/libcanard/dsdlc_generated/src/com.hobbywing.esc.SetDirection_res.c
[1263/1317] Compiling build/sitl/modules/DroneCAN/libcanard/dsdlc_generated/src/uavcan.equipment.gnss.Auxiliary.c
[1264/1317] Compiling build/sitl/modules/DroneCAN/libcanard/dsdlc_generated/src/uavcan.protocol.enumeration.Begin_res.c
[1265/1317] Compiling build/sitl/modules/DroneCAN/libcanard/dsdlc_generated/src/uavcan.equipment.hardpoint.Status.c
[1266/1317] Compiling build/sitl/modules/DroneCAN/libcanard/dsdlc_generated/src/uavcan.protocol.debug.KeyValue.c
[1267/1317] Compiling build/sitl/modules/DroneCAN/libcanard/dsdlc_generated/src/ardupilot.equipment.power.BatteryContinuous.c
[1268/1317] Compiling build/sitl/modules/DroneCAN/libcanard/dsdlc_generated/src/uavcan.protocol.param.GetSet_req.c
[1269/1317] Compiling build/sitl/modules/DroneCAN/libcanard/dsdlc_generated/src/uavcan.protocol.file.GetInfo_res.c
[1270/1317] Compiling build/sitl/modules/DroneCAN/libcanard/dsdlc_generated/src/com.hobbywing.esc.GetMajorConfig_res.c
[1271/1317] Compiling build/sitl/modules/DroneCAN/libcanard/dsdlc_generated/src/com.hobbywing.esc.SetBaud_res.c
[1272/1317] Compiling build/sitl/modules/DroneCAN/libcanard/dsdlc_generated/src/uavcan.equipment.gnss.Fix.c
[1273/1317] Compiling build/sitl/modules/DroneCAN/libcanard/dsdlc_generated/src/uavcan.CoarseOrientation.c
[1274/1317] Compiling build/sitl/modules/DroneCAN/libcanard/dsdlc_generated/src/uavcan.equipment.ahrs.RawIMU.c
[1275/1317] Compiling build/sitl/modules/DroneCAN/libcanard/dsdlc_generated/src/com.tmotor.esc.PUSHCAN.c
[1276/1317] Compiling build/sitl/modules/DroneCAN/libcanard/dsdlc_generated/src/uavcan.protocol.enumeration.Begin_req.c
[1277/1317] Compiling build/sitl/modules/DroneCAN/libcanard/dsdlc_generated/src/uavcan.protocol.file.GetDirectoryEntryInfo_res.c
[1278/1317] Compiling build/sitl/modules/DroneCAN/libcanard/dsdlc_generated/src/uavcan.protocol.dynamic_node_id.server.Discovery.c
[1279/1317] Compiling build/sitl/modules/DroneCAN/libcanard/dsdlc_generated/src/dronecan.remoteid.SelfID.c
[1280/1317] Compiling build/sitl/modules/DroneCAN/libcanard/dsdlc_generated/src/uavcan.equipment.ahrs.MagneticFieldStrength2.c
[1281/1317] Compiling build/sitl/modules/DroneCAN/libcanard/dsdlc_generated/src/uavcan.equipment.air_data.RawAirData.c
[1282/1317] Compiling build/sitl/modules/DroneCAN/libcanard/dsdlc_generated/src/uavcan.tunnel.SerialConfig.c
[1283/1317] Compiling build/sitl/modules/DroneCAN/libcanard/dsdlc_generated/src/uavcan.equipment.device.Temperature.c
[1284/1317] Compiling build/sitl/modules/DroneCAN/libcanard/dsdlc_generated/src/uavcan.equipment.ahrs.Solution.c
[1285/1317] Compiling build/sitl/modules/DroneCAN/libcanard/dsdlc_generated/src/uavcan.protocol.GetDataTypeInfo_req.c
[1286/1317] Compiling build/sitl/modules/DroneCAN/libcanard/dsdlc_generated/src/mppt.Stream.c
[1287/1317] Compiling build/sitl/modules/DroneCAN/libcanard/dsdlc_generated/src/uavcan.equipment.gnss.ECEFPositionVelocity.c
[1288/1317] Compiling build/sitl/modules/DroneCAN/libcanard/dsdlc_generated/src/com.hobbywing.esc.SetDirection_req.c
[1289/1317] Compiling build/sitl/modules/DroneCAN/libcanard/dsdlc_generated/src/uavcan.equipment.actuator.Status.c
[1290/1317] Compiling build/sitl/modules/DroneCAN/libcanard/dsdlc_generated/src/uavcan.protocol.GetNodeInfo_req.c
[1291/1317] Compiling build/sitl/modules/DroneCAN/libcanard/dsdlc_generated/src/uavcan.equipment.ice.reciprocating.CylinderStatus.c
[1292/1317] Compiling build/sitl/modules/DroneCAN/libcanard/dsdlc_generated/src/uavcan.protocol.file.Read_req.c
[1293/1317] Compiling build/sitl/modules/DroneCAN/libcanard/dsdlc_generated/src/uavcan.protocol.file.EntryType.c
[1294/1317] Compiling build/sitl/modules/DroneCAN/libcanard/dsdlc_generated/src/uavcan.protocol.file.Delete_res.c
[1295/1317] Compiling build/sitl/modules/DroneCAN/libcanard/dsdlc_generated/src/uavcan.protocol.GetDataTypeInfo_res.c
[1296/1317] Compiling build/sitl/modules/DroneCAN/libcanard/dsdlc_generated/src/uavcan.equipment.air_data.Sideslip.c
[1297/1317] Compiling build/sitl/modules/DroneCAN/libcanard/dsdlc_generated/src/uavcan.equipment.camera_gimbal.Status.c
[1298/1317] Compiling build/sitl/modules/DroneCAN/libcanard/dsdlc_generated/src/uavcan.equipment.camera_gimbal.Mode.c
[1299/1317] Compiling build/sitl/modules/DroneCAN/libcanard/dsdlc_generated/src/uavcan.equipment.indication.RGB565.c
[1300/1317] Compiling build/sitl/modules/DroneCAN/libcanard/dsdlc_generated/src/com.volz.servo.ActuatorStatus.c
[1301/1317] Compiling build/sitl/modules/DroneCAN/libcanard/dsdlc_generated/src/com.hobbywing.esc.SelfTest_req.c
[1302/1317] Compiling build/sitl/modules/DroneCAN/libcanard/dsdlc_generated/src/uavcan.protocol.file.Error.c
[1303/1317] Compiling build/sitl/modules/DroneCAN/libcanard/dsdlc_generated/src/ardupilot.indication.Button.c
[1304/1317] Compiling build/sitl/modules/DroneCAN/libcanard/dsdlc_generated/src/dronecan.protocol.FlexDebug.c
[1305/1317] Compiling build/sitl/modules/DroneCAN/libcanard/dsdlc_generated/src/uavcan.equipment.air_data.TrueAirspeed.c
[1306/1317] Compiling build/sitl/modules/DroneCAN/libcanard/dsdlc_generated/src/uavcan.protocol.dynamic_node_id.server.Entry.c
[1307/1317] Compiling build/sitl/modules/DroneCAN/libcanard/dsdlc_generated/src/com.hobbywing.esc.SetThrottleSource_res.c
[1308/1317] Compiling build/sitl/modules/DroneCAN/libcanard/dsdlc_generated/src/uavcan.protocol.file.Read_res.c
[1309/1317] Compiling build/sitl/modules/DroneCAN/libcanard/dsdlc_generated/src/uavcan.equipment.esc.Status.c
[1310/1317] Compiling build/sitl/modules/DroneCAN/libcanard/dsdlc_generated/src/uavcan.protocol.param.ExecuteOpcode_res.c
[1311/1317] Compiling build/sitl/modules/DroneCAN/libcanard/dsdlc_generated/src/uavcan.protocol.file.BeginFirmwareUpdate_res.c
[1312/1317] Compiling build/sitl/modules/DroneCAN/libcanard/dsdlc_generated/src/com.hobbywing.esc.RawCommand.c
[1313/1317] Compiling build/sitl/modules/DroneCAN/libcanard/dsdlc_generated/src/dronecan.protocol.CanStats.c
[1314/1317] Compiling libraries/AP_Observer/examples/RLS_CSV_Replay/RLS_CSV_Replay.cpp
[1316/1317] Linking build/sitl/examples/RLS_CSV_Replay
[1317/1317] checking symbols build/sitl/examples/RLS_CSV_Replay
Waf: Leaving directory `/home/memoto/Ardupilot-UmemotoLab/build/sitl'

BUILD SUMMARY
Build directory: /home/memoto/Ardupilot-UmemotoLab/build/sitl
Target                   Text (B)  Data (B)  BSS (B)  Total Flash Used (B)  Free Flash (B)  External Flash Used (B)
-------------------------------------------------------------------------------------------------------------------
examples/RLS_CSV_Replay   1372358     37217   189168               1409575  Not Applicable  Not Applicable         

Submodule mavlink not updated: non-fastforward
'build' finished successfully (5.091s)
