Starting sketch 'UNKNOWN'
Starting SITL input
Read 12989 records from analysis/replay/data/00000443.csv.
Running 00000443 with Alpha=0.01...
Finished: analysis/replay/results/00000443_alpha0.01.csv (Alpha=0.01)
Running 00000443 with Alpha=0.05...
Finished: analysis/replay/results/00000443_alpha0.05.csv (Alpha=0.05)
Running 00000443 with Alpha=0.10...
Finished: analysis/replay/results/00000443_alpha0.10.csv (Alpha=0.10)
Running 00000443 with Alpha=0.15...
Finished: analysis/replay/results/00000443_alpha0.15.csv (Alpha=0.15)
Running 00000443 with Alpha=0.20...
Finished: analysis/replay/results/00000443_alpha0.20.csv (Alpha=0.20)
Running 00000443 with Alpha=0.25...
Finished: analysis/replay/results/00000443_alpha0.25.csv (Alpha=0.25)
Running 00000443 with Alpha=0.30...
Finished: analysis/replay/results/00000443_alpha0.30.csv (Alpha=0.30)
Running 00000443 with Alpha=0.50...
Finished: analysis/replay/results/00000443_alpha0.50.csv (Alpha=0.50)
Read 15332 records from analysis/replay/data/00000444.csv.
Running 00000444 with Alpha=0.01...
Finished: analysis/replay/results/00000444_alpha0.01.csv (Alpha=0.01)
Running 00000444 with Alpha=0.05...
Finished: analysis/replay/results/00000444_alpha0.05.csv (Alpha=0.05)
Running 00000444 with Alpha=0.10...
Finished: analysis/replay/results/00000444_alpha0.10.csv (Alpha=0.10)
Running 00000444 with Alpha=0.15...
Finished: analysis/replay/results/00000444_alpha0.15.csv (Alpha=0.15)
Running 00000444 with Alpha=0.20...
Finished: analysis/replay/results/00000444_alpha0.20.csv (Alpha=0.20)
Running 00000444 with Alpha=0.25...
Finished: analysis/replay/results/00000444_alpha0.25.csv (Alpha=0.25)
Running 00000444 with Alpha=0.30...
Finished: analysis/replay/results/00000444_alpha0.30.csv (Alpha=0.30)
Running 00000444 with Alpha=0.50...
Finished: analysis/replay/results/00000444_alpha0.50.csv (Alpha=0.50)
